2025-11-30 14:04:30 INFO  o.h.validator.internal.util.Version - HV000001: Hibernate Validator 8.0.1.Final
2025-11-30 14:04:31 INFO  c.P.U.r.ReportServiceApplication - Starting ReportServiceApplication using Java 17.0.17 with PID 59 (/app/target/classes started by root in /app)
2025-11-30 14:04:31 INFO  c.P.U.r.ReportServiceApplication - No active profile set, falling back to 1 default profile: "default"
2025-11-30 14:04:33 INFO  o.s.b.d.e.DevToolsPropertyDefaultsPostProcessor - Devtools property defaults active! Set 'spring.devtools.add-properties' to 'false' to disable
2025-11-30 14:04:33 INFO  o.s.b.d.e.DevToolsPropertyDefaultsPostProcessor - For additional web related logging consider setting the 'logging.level.web' property to 'DEBUG'
2025-11-30 16:09:15 INFO  o.s.d.r.c.RepositoryConfigurationDelegate - Bootstrapping Spring Data JPA repositories in DEFAULT mode.
2025-11-30 16:09:44 INFO  o.s.d.r.c.RepositoryConfigurationDelegate - Finished Spring Data repository scanning in 22815 ms. Found 1 JPA repository interface.
2025-11-30 16:10:09 INFO  o.s.b.w.e.tomcat.TomcatWebServer - Tomcat initialized with port 8085 (http)
2025-11-30 16:10:09 INFO  o.a.coyote.http11.Http11NioProtocol - Initializing ProtocolHandler ["http-nio-8085"]
2025-11-30 16:10:09 INFO  o.a.catalina.core.StandardService - Starting service [Tomcat]
2025-11-30 16:10:09 INFO  o.a.catalina.core.StandardEngine - Starting Servlet engine: [Apache Tomcat/10.1.16]
2025-11-30 16:10:11 INFO  o.a.c.c.C.[Tomcat].[localhost].[/] - Initializing Spring embedded WebApplicationContext
2025-11-30 16:10:11 INFO  o.s.b.w.s.c.ServletWebServerApplicationContext - Root WebApplicationContext: initialization completed in 7538599 ms
2025-11-30 16:10:16 INFO  o.h.jpa.internal.util.LogHelper - HHH000204: Processing PersistenceUnitInfo [name: default]
2025-11-30 16:10:20 INFO  org.hibernate.Version - HHH000412: Hibernate ORM core version 6.3.1.Final
2025-11-30 16:10:23 INFO  o.h.c.i.RegionFactoryInitiator - HHH000026: Second-level cache disabled
2025-11-30 16:10:42 INFO  o.s.o.j.p.SpringPersistenceUnitInfo - No LoadTimeWeaver setup: ignoring JPA class transformer
2025-11-30 16:10:44 INFO  com.zaxxer.hikari.HikariDataSource - HikariPool-1 - Starting...
2025-11-30 16:10:49 INFO  com.zaxxer.hikari.pool.HikariPool - HikariPool-1 - Added connection org.postgresql.jdbc.PgConnection@19428675
2025-11-30 16:10:49 INFO  com.zaxxer.hikari.HikariDataSource - HikariPool-1 - Start completed.
2025-11-30 16:10:50 WARN  org.hibernate.orm.deprecation - HHH90000025: PostgreSQLDialect does not need to be specified explicitly using 'hibernate.dialect' (remove the property setting and it will be selected by default)
2025-11-30 16:11:09 INFO  o.h.e.t.j.p.i.JtaPlatformInitiator - HHH000489: No JTA platform available (set 'hibernate.transaction.jta.platform' to enable JTA platform integration)
2025-11-30 16:11:11 INFO  o.s.o.j.LocalContainerEntityManagerFactoryBean - Initialized JPA EntityManagerFactory for persistence unit 'default'
2025-11-30 16:11:32 WARN  o.s.b.a.o.j.JpaBaseConfiguration$JpaWebConfiguration - spring.jpa.open-in-view is enabled by default. Therefore, database queries may be performed during view rendering. Explicitly configure spring.jpa.open-in-view to disable this warning
2025-11-30 16:12:00 INFO  o.s.b.d.a.OptionalLiveReloadServer - LiveReload server is running on port 35729
2025-11-30 16:12:01 INFO  o.a.coyote.http11.Http11NioProtocol - Starting ProtocolHandler ["http-nio-8085"]
2025-11-30 16:12:01 INFO  o.s.b.w.e.tomcat.TomcatWebServer - Tomcat started on port 8085 (http) with context path ''
2025-11-30 16:12:02 INFO  o.a.k.c.consumer.ConsumerConfig - ConsumerConfig values: 
	allow.auto.create.topics = true
	auto.commit.interval.ms = 5000
	auto.include.jmx.reporter = true
	auto.offset.reset = latest
	bootstrap.servers = [kafka:9092]
	check.crcs = true
	client.dns.lookup = use_all_dns_ips
	client.id = consumer-report-service-1
	client.rack = 
	connections.max.idle.ms = 540000
	default.api.timeout.ms = 60000
	enable.auto.commit = false
	exclude.internal.topics = true
	fetch.max.bytes = 52428800
	fetch.max.wait.ms = 500
	fetch.min.bytes = 1
	group.id = report-service
	group.instance.id = null
	heartbeat.interval.ms = 3000
	interceptor.classes = []
	internal.leave.group.on.close = true
	internal.throw.on.fetch.stable.offset.unsupported = false
	isolation.level = read_uncommitted
	key.deserializer = class org.apache.kafka.common.serialization.StringDeserializer
	max.partition.fetch.bytes = 1048576
	max.poll.interval.ms = 300000
	max.poll.records = 500
	metadata.max.age.ms = 300000
	metric.reporters = []
	metrics.num.samples = 2
	metrics.recording.level = INFO
	metrics.sample.window.ms = 30000
	partition.assignment.strategy = [class org.apache.kafka.clients.consumer.RangeAssignor, class org.apache.kafka.clients.consumer.CooperativeStickyAssignor]
	receive.buffer.bytes = 65536
	reconnect.backoff.max.ms = 1000
	reconnect.backoff.ms = 50
	request.timeout.ms = 30000
	retry.backoff.ms = 100
	sasl.client.callback.handler.class = null
	sasl.jaas.config = null
	sasl.kerberos.kinit.cmd = /usr/bin/kinit
	sasl.kerberos.min.time.before.relogin = 60000
	sasl.kerberos.service.name = null
	sasl.kerberos.ticket.renew.jitter = 0.05
	sasl.kerberos.ticket.renew.window.factor = 0.8
	sasl.login.callback.handler.class = null
	sasl.login.class = null
	sasl.login.connect.timeout.ms = null
	sasl.login.read.timeout.ms = null
	sasl.login.refresh.buffer.seconds = 300
	sasl.login.refresh.min.period.seconds = 60
	sasl.login.refresh.window.factor = 0.8
	sasl.login.refresh.window.jitter = 0.05
	sasl.login.retry.backoff.max.ms = 10000
	sasl.login.retry.backoff.ms = 100
	sasl.mechanism = GSSAPI
	sasl.oauthbearer.clock.skew.seconds = 30
	sasl.oauthbearer.expected.audience = null
	sasl.oauthbearer.expected.issuer = null
	sasl.oauthbearer.jwks.endpoint.refresh.ms = 3600000
	sasl.oauthbearer.jwks.endpoint.retry.backoff.max.ms = 10000
	sasl.oauthbearer.jwks.endpoint.retry.backoff.ms = 100
	sasl.oauthbearer.jwks.endpoint.url = null
	sasl.oauthbearer.scope.claim.name = scope
	sasl.oauthbearer.sub.claim.name = sub
	sasl.oauthbearer.token.endpoint.url = null
	security.protocol = PLAINTEXT
	security.providers = null
	send.buffer.bytes = 131072
	session.timeout.ms = 45000
	socket.connection.setup.timeout.max.ms = 30000
	socket.connection.setup.timeout.ms = 10000
	ssl.cipher.suites = null
	ssl.enabled.protocols = [TLSv1.2, TLSv1.3]
	ssl.endpoint.identification.algorithm = https
	ssl.engine.factory.class = null
	ssl.key.password = null
	ssl.keymanager.algorithm = SunX509
	ssl.keystore.certificate.chain = null
	ssl.keystore.key = null
	ssl.keystore.location = null
	ssl.keystore.password = null
	ssl.keystore.type = JKS
	ssl.protocol = TLSv1.3
	ssl.provider = null
	ssl.secure.random.implementation = null
	ssl.trustmanager.algorithm = PKIX
	ssl.truststore.certificates = null
	ssl.truststore.location = null
	ssl.truststore.password = null
	ssl.truststore.type = JKS
	value.deserializer = class org.springframework.kafka.support.serializer.JsonDeserializer

2025-11-30 16:12:04 INFO  o.a.kafka.common.utils.AppInfoParser - Kafka version: 3.6.0
2025-11-30 16:12:04 INFO  o.a.kafka.common.utils.AppInfoParser - Kafka commitId: 60e845626d8a465a
2025-11-30 16:12:04 INFO  o.a.kafka.common.utils.AppInfoParser - Kafka startTimeMs: 1764519124390
2025-11-30 16:12:04 INFO  o.s.k.c.DefaultKafkaConsumerFactory$ExtendedKafkaConsumer - [Consumer clientId=consumer-report-service-1, groupId=report-service] Subscribed to topic(s): reconciliation_result
2025-11-30 16:12:04 INFO  c.P.U.r.ReportServiceApplication - Started ReportServiceApplication in 7669.847 seconds (process running for 275.155)
2025-11-30 16:12:13 WARN  o.apache.kafka.clients.NetworkClient - [Consumer clientId=consumer-report-service-1, groupId=report-service] Error while fetching metadata with correlation id 2 : {reconciliation_result=LEADER_NOT_AVAILABLE}
2025-11-30 16:12:13 INFO  org.apache.kafka.clients.Metadata - [Consumer clientId=consumer-report-service-1, groupId=report-service] Cluster ID: emHnrY2eSZmM2BwSPXezWw
2025-11-30 16:12:14 WARN  o.apache.kafka.clients.NetworkClient - [Consumer clientId=consumer-report-service-1, groupId=report-service] Error while fetching metadata with correlation id 4 : {reconciliation_result=LEADER_NOT_AVAILABLE}
2025-11-30 16:12:14 WARN  o.apache.kafka.clients.NetworkClient - [Consumer clientId=consumer-report-service-1, groupId=report-service] Error while fetching metadata with correlation id 5 : {reconciliation_result=LEADER_NOT_AVAILABLE}
2025-11-30 16:12:14 WARN  o.apache.kafka.clients.NetworkClient - [Consumer clientId=consumer-report-service-1, groupId=report-service] Error while fetching metadata with correlation id 6 : {reconciliation_result=LEADER_NOT_AVAILABLE}
2025-11-30 16:12:15 WARN  o.apache.kafka.clients.NetworkClient - [Consumer clientId=consumer-report-service-1, groupId=report-service] Error while fetching metadata with correlation id 8 : {reconciliation_result=LEADER_NOT_AVAILABLE}
2025-11-30 16:12:15 WARN  o.apache.kafka.clients.NetworkClient - [Consumer clientId=consumer-report-service-1, groupId=report-service] Error while fetching metadata with correlation id 10 : {reconciliation_result=LEADER_NOT_AVAILABLE}
2025-11-30 16:12:15 WARN  o.apache.kafka.clients.NetworkClient - [Consumer clientId=consumer-report-service-1, groupId=report-service] Error while fetching metadata with correlation id 12 : {reconciliation_result=LEADER_NOT_AVAILABLE}
2025-11-30 16:12:15 WARN  o.apache.kafka.clients.NetworkClient - [Consumer clientId=consumer-report-service-1, groupId=report-service] Error while fetching metadata with correlation id 14 : {reconciliation_result=LEADER_NOT_AVAILABLE}
2025-11-30 16:12:16 WARN  o.apache.kafka.clients.NetworkClient - [Consumer clientId=consumer-report-service-1, groupId=report-service] Error while fetching metadata with correlation id 16 : {reconciliation_result=LEADER_NOT_AVAILABLE}
2025-11-30 16:12:16 WARN  o.apache.kafka.clients.NetworkClient - [Consumer clientId=consumer-report-service-1, groupId=report-service] Error while fetching metadata with correlation id 18 : {reconciliation_result=LEADER_NOT_AVAILABLE}
2025-11-30 16:12:16 WARN  o.apache.kafka.clients.NetworkClient - [Consumer clientId=consumer-report-service-1, groupId=report-service] Error while fetching metadata with correlation id 20 : {reconciliation_result=LEADER_NOT_AVAILABLE}
2025-11-30 16:12:16 WARN  o.apache.kafka.clients.NetworkClient - [Consumer clientId=consumer-report-service-1, groupId=report-service] Error while fetching metadata with correlation id 22 : {reconciliation_result=LEADER_NOT_AVAILABLE}
2025-11-30 16:12:16 WARN  o.apache.kafka.clients.NetworkClient - [Consumer clientId=consumer-report-service-1, groupId=report-service] Error while fetching metadata with correlation id 24 : {reconciliation_result=LEADER_NOT_AVAILABLE}
2025-11-30 16:12:17 WARN  o.apache.kafka.clients.NetworkClient - [Consumer clientId=consumer-report-service-1, groupId=report-service] Error while fetching metadata with correlation id 26 : {reconciliation_result=LEADER_NOT_AVAILABLE}
2025-11-30 16:12:17 WARN  o.apache.kafka.clients.NetworkClient - [Consumer clientId=consumer-report-service-1, groupId=report-service] Error while fetching metadata with correlation id 28 : {reconciliation_result=LEADER_NOT_AVAILABLE}
2025-11-30 16:12:17 WARN  o.apache.kafka.clients.NetworkClient - [Consumer clientId=consumer-report-service-1, groupId=report-service] Error while fetching metadata with correlation id 30 : {reconciliation_result=LEADER_NOT_AVAILABLE}
2025-11-30 16:12:17 WARN  o.apache.kafka.clients.NetworkClient - [Consumer clientId=consumer-report-service-1, groupId=report-service] Error while fetching metadata with correlation id 32 : {reconciliation_result=LEADER_NOT_AVAILABLE}
2025-11-30 16:12:18 WARN  o.apache.kafka.clients.NetworkClient - [Consumer clientId=consumer-report-service-1, groupId=report-service] Error while fetching metadata with correlation id 34 : {reconciliation_result=LEADER_NOT_AVAILABLE}
2025-11-30 16:12:18 WARN  o.apache.kafka.clients.NetworkClient - [Consumer clientId=consumer-report-service-1, groupId=report-service] Error while fetching metadata with correlation id 36 : {reconciliation_result=LEADER_NOT_AVAILABLE}
2025-11-30 16:12:18 WARN  o.apache.kafka.clients.NetworkClient - [Consumer clientId=consumer-report-service-1, groupId=report-service] Error while fetching metadata with correlation id 38 : {reconciliation_result=LEADER_NOT_AVAILABLE}
2025-11-30 16:12:18 WARN  o.apache.kafka.clients.NetworkClient - [Consumer clientId=consumer-report-service-1, groupId=report-service] Error while fetching metadata with correlation id 40 : {reconciliation_result=LEADER_NOT_AVAILABLE}
2025-11-30 16:12:18 WARN  o.apache.kafka.clients.NetworkClient - [Consumer clientId=consumer-report-service-1, groupId=report-service] Error while fetching metadata with correlation id 42 : {reconciliation_result=LEADER_NOT_AVAILABLE}
2025-11-30 16:12:18 WARN  o.apache.kafka.clients.NetworkClient - [Consumer clientId=consumer-report-service-1, groupId=report-service] Error while fetching metadata with correlation id 44 : {reconciliation_result=LEADER_NOT_AVAILABLE}
2025-11-30 16:12:19 WARN  o.apache.kafka.clients.NetworkClient - [Consumer clientId=consumer-report-service-1, groupId=report-service] Error while fetching metadata with correlation id 46 : {reconciliation_result=LEADER_NOT_AVAILABLE}
2025-11-30 16:12:19 WARN  o.apache.kafka.clients.NetworkClient - [Consumer clientId=consumer-report-service-1, groupId=report-service] Error while fetching metadata with correlation id 48 : {reconciliation_result=LEADER_NOT_AVAILABLE}
2025-11-30 16:12:19 WARN  o.apache.kafka.clients.NetworkClient - [Consumer clientId=consumer-report-service-1, groupId=report-service] Error while fetching metadata with correlation id 50 : {reconciliation_result=LEADER_NOT_AVAILABLE}
2025-11-30 16:12:37 INFO  o.a.k.c.c.i.ConsumerCoordinator - [Consumer clientId=consumer-report-service-1, groupId=report-service] Discovered group coordinator kafka:9092 (id: 2147483646 rack: null)
2025-11-30 16:12:38 INFO  o.a.k.c.c.i.ConsumerCoordinator - [Consumer clientId=consumer-report-service-1, groupId=report-service] (Re-)joining group
2025-11-30 16:12:39 INFO  o.a.k.c.c.i.ConsumerCoordinator - [Consumer clientId=consumer-report-service-1, groupId=report-service] Request joining group due to: need to re-join with the given member-id: consumer-report-service-1-f7f5818a-315e-4e4a-823b-df29539ad255
2025-11-30 16:12:39 INFO  o.a.k.c.c.i.ConsumerCoordinator - [Consumer clientId=consumer-report-service-1, groupId=report-service] Request joining group due to: rebalance failed due to 'The group member needs to have a valid member id before actually entering a consumer group.' (MemberIdRequiredException)
2025-11-30 16:12:39 INFO  o.a.k.c.c.i.ConsumerCoordinator - [Consumer clientId=consumer-report-service-1, groupId=report-service] (Re-)joining group
2025-11-30 16:12:43 INFO  o.a.k.c.c.i.ConsumerCoordinator - [Consumer clientId=consumer-report-service-1, groupId=report-service] Successfully joined group with generation Generation{generationId=1, memberId='consumer-report-service-1-f7f5818a-315e-4e4a-823b-df29539ad255', protocol='range'}
2025-11-30 16:12:43 INFO  o.a.k.c.c.i.ConsumerCoordinator - [Consumer clientId=consumer-report-service-1, groupId=report-service] Finished assignment for group at generation 1: {consumer-report-service-1-f7f5818a-315e-4e4a-823b-df29539ad255=Assignment(partitions=[reconciliation_result-0])}
2025-11-30 16:12:44 INFO  o.a.k.c.c.i.ConsumerCoordinator - [Consumer clientId=consumer-report-service-1, groupId=report-service] Successfully synced group in generation Generation{generationId=1, memberId='consumer-report-service-1-f7f5818a-315e-4e4a-823b-df29539ad255', protocol='range'}
2025-11-30 16:12:44 INFO  o.a.k.c.c.i.ConsumerCoordinator - [Consumer clientId=consumer-report-service-1, groupId=report-service] Notifying assignor about the new Assignment(partitions=[reconciliation_result-0])
2025-11-30 16:12:44 INFO  o.a.k.c.c.i.ConsumerCoordinator - [Consumer clientId=consumer-report-service-1, groupId=report-service] Adding newly assigned partitions: reconciliation_result-0
2025-11-30 16:12:44 INFO  o.a.k.c.c.i.ConsumerCoordinator - [Consumer clientId=consumer-report-service-1, groupId=report-service] Found no committed offset for partition reconciliation_result-0
2025-11-30 16:12:45 INFO  o.a.k.c.c.i.ConsumerCoordinator - [Consumer clientId=consumer-report-service-1, groupId=report-service] Found no committed offset for partition reconciliation_result-0
2025-11-30 16:12:45 INFO  o.a.k.c.c.i.SubscriptionState - [Consumer clientId=consumer-report-service-1, groupId=report-service] Resetting offset for partition reconciliation_result-0 to position FetchPosition{offset=0, offsetEpoch=Optional.empty, currentLeader=LeaderAndEpoch{leader=Optional[kafka:9092 (id: 1 rack: null)], epoch=0}}.
2025-11-30 16:12:45 INFO  o.s.k.l.KafkaMessageListenerContainer - report-service: partitions assigned: [reconciliation_result-0]
2025-11-30 16:21:14 INFO  o.apache.kafka.clients.NetworkClient - [Consumer clientId=consumer-report-service-1, groupId=report-service] Node -1 disconnected.
2025-11-30 16:21:48 INFO  o.a.k.c.c.i.ConsumerCoordinator - [Consumer clientId=consumer-report-service-1, groupId=report-service] Revoke previously assigned partitions reconciliation_result-0
2025-11-30 16:21:48 INFO  o.s.k.l.KafkaMessageListenerContainer - report-service: partitions revoked: [reconciliation_result-0]
2025-11-30 16:21:48 INFO  o.a.k.c.c.i.ConsumerCoordinator - [Consumer clientId=consumer-report-service-1, groupId=report-service] Member consumer-report-service-1-f7f5818a-315e-4e4a-823b-df29539ad255 sending LeaveGroup request to coordinator kafka:9092 (id: 2147483646 rack: null) due to the consumer unsubscribed from all topics
2025-11-30 16:21:48 INFO  o.a.k.c.c.i.ConsumerCoordinator - [Consumer clientId=consumer-report-service-1, groupId=report-service] Resetting generation and member id due to: consumer pro-actively leaving the group
2025-11-30 16:21:48 INFO  o.a.k.c.c.i.ConsumerCoordinator - [Consumer clientId=consumer-report-service-1, groupId=report-service] Request joining group due to: consumer pro-actively leaving the group
2025-11-30 16:21:48 INFO  o.s.k.c.DefaultKafkaConsumerFactory$ExtendedKafkaConsumer - [Consumer clientId=consumer-report-service-1, groupId=report-service] Unsubscribed all topics or patterns and assigned partitions
2025-11-30 16:21:48 INFO  o.a.k.c.c.i.ConsumerCoordinator - [Consumer clientId=consumer-report-service-1, groupId=report-service] Resetting generation and member id due to: consumer pro-actively leaving the group
2025-11-30 16:21:48 INFO  o.a.k.c.c.i.ConsumerCoordinator - [Consumer clientId=consumer-report-service-1, groupId=report-service] Request joining group due to: consumer pro-actively leaving the group
2025-11-30 16:21:49 INFO  o.a.kafka.common.metrics.Metrics - Metrics scheduler closed
2025-11-30 16:21:49 INFO  o.a.kafka.common.metrics.Metrics - Closing reporter org.apache.kafka.common.metrics.JmxReporter
2025-11-30 16:21:49 INFO  o.a.kafka.common.metrics.Metrics - Metrics reporters closed
2025-11-30 16:21:50 INFO  o.a.kafka.common.utils.AppInfoParser - App info kafka.consumer for consumer-report-service-1 unregistered
2025-11-30 16:21:50 INFO  o.s.k.l.KafkaMessageListenerContainer - report-service: Consumer stopped
2025-11-30 16:21:52 INFO  o.s.o.j.LocalContainerEntityManagerFactoryBean - Closing JPA EntityManagerFactory for persistence unit 'default'
2025-11-30 16:21:53 INFO  com.zaxxer.hikari.HikariDataSource - HikariPool-1 - Shutdown initiated...
2025-11-30 16:21:53 INFO  com.zaxxer.hikari.HikariDataSource - HikariPool-1 - Shutdown completed.
2025-11-30 16:27:29 INFO  o.h.validator.internal.util.Version - HV000001: Hibernate Validator 8.0.1.Final
2025-11-30 16:27:31 INFO  c.P.U.r.ReportServiceApplication - Starting ReportServiceApplication using Java 17.0.17 with PID 65 (/app/target/classes started by root in /app)
2025-11-30 16:27:31 INFO  c.P.U.r.ReportServiceApplication - No active profile set, falling back to 1 default profile: "default"
2025-11-30 16:27:33 INFO  o.s.b.d.e.DevToolsPropertyDefaultsPostProcessor - Devtools property defaults active! Set 'spring.devtools.add-properties' to 'false' to disable
2025-11-30 16:27:33 INFO  o.s.b.d.e.DevToolsPropertyDefaultsPostProcessor - For additional web related logging consider setting the 'logging.level.web' property to 'DEBUG'
2025-11-30 16:28:02 INFO  o.s.d.r.c.RepositoryConfigurationDelegate - Bootstrapping Spring Data JPA repositories in DEFAULT mode.
2025-11-30 16:28:03 INFO  o.s.d.r.c.RepositoryConfigurationDelegate - Finished Spring Data repository scanning in 1260 ms. Found 1 JPA repository interface.
2025-11-30 16:28:14 INFO  o.s.b.w.e.tomcat.TomcatWebServer - Tomcat initialized with port 8085 (http)
2025-11-30 16:28:14 INFO  o.a.coyote.http11.Http11NioProtocol - Initializing ProtocolHandler ["http-nio-8085"]
2025-11-30 16:28:14 INFO  o.a.catalina.core.StandardService - Starting service [Tomcat]
2025-11-30 16:28:14 INFO  o.a.catalina.core.StandardEngine - Starting Servlet engine: [Apache Tomcat/10.1.16]
2025-11-30 16:28:16 INFO  o.a.c.c.C.[Tomcat].[localhost].[/] - Initializing Spring embedded WebApplicationContext
2025-11-30 16:28:16 INFO  o.s.b.w.s.c.ServletWebServerApplicationContext - Root WebApplicationContext: initialization completed in 42758 ms
2025-11-30 16:28:19 INFO  o.h.jpa.internal.util.LogHelper - HHH000204: Processing PersistenceUnitInfo [name: default]
2025-11-30 16:28:21 INFO  org.hibernate.Version - HHH000412: Hibernate ORM core version 6.3.1.Final
2025-11-30 16:28:22 INFO  o.h.c.i.RegionFactoryInitiator - HHH000026: Second-level cache disabled
2025-11-30 16:28:30 INFO  o.s.o.j.p.SpringPersistenceUnitInfo - No LoadTimeWeaver setup: ignoring JPA class transformer
2025-11-30 16:28:31 INFO  com.zaxxer.hikari.HikariDataSource - HikariPool-1 - Starting...
2025-11-30 16:28:36 INFO  com.zaxxer.hikari.pool.HikariPool - HikariPool-1 - Added connection org.postgresql.jdbc.PgConnection@2f6829ea
2025-11-30 16:28:36 INFO  com.zaxxer.hikari.HikariDataSource - HikariPool-1 - Start completed.
2025-11-30 16:28:37 WARN  org.hibernate.orm.deprecation - HHH90000025: PostgreSQLDialect does not need to be specified explicitly using 'hibernate.dialect' (remove the property setting and it will be selected by default)
2025-11-30 16:29:17 INFO  o.h.e.t.j.p.i.JtaPlatformInitiator - HHH000489: No JTA platform available (set 'hibernate.transaction.jta.platform' to enable JTA platform integration)
2025-11-30 16:29:20 INFO  o.s.o.j.LocalContainerEntityManagerFactoryBean - Initialized JPA EntityManagerFactory for persistence unit 'default'
2025-11-30 16:29:40 WARN  o.s.b.a.o.j.JpaBaseConfiguration$JpaWebConfiguration - spring.jpa.open-in-view is enabled by default. Therefore, database queries may be performed during view rendering. Explicitly configure spring.jpa.open-in-view to disable this warning
2025-11-30 16:30:19 INFO  o.s.b.d.a.OptionalLiveReloadServer - LiveReload server is running on port 35729
2025-11-30 16:30:21 INFO  o.a.coyote.http11.Http11NioProtocol - Starting ProtocolHandler ["http-nio-8085"]
2025-11-30 16:30:22 INFO  o.s.b.w.e.tomcat.TomcatWebServer - Tomcat started on port 8085 (http) with context path ''
2025-11-30 16:30:26 INFO  o.a.k.c.consumer.ConsumerConfig - ConsumerConfig values: 
	allow.auto.create.topics = true
	auto.commit.interval.ms = 5000
	auto.include.jmx.reporter = true
	auto.offset.reset = latest
	bootstrap.servers = [kafka:9092]
	check.crcs = true
	client.dns.lookup = use_all_dns_ips
	client.id = consumer-report-service-1
	client.rack = 
	connections.max.idle.ms = 540000
	default.api.timeout.ms = 60000
	enable.auto.commit = false
	exclude.internal.topics = true
	fetch.max.bytes = 52428800
	fetch.max.wait.ms = 500
	fetch.min.bytes = 1
	group.id = report-service
	group.instance.id = null
	heartbeat.interval.ms = 3000
	interceptor.classes = []
	internal.leave.group.on.close = true
	internal.throw.on.fetch.stable.offset.unsupported = false
	isolation.level = read_uncommitted
	key.deserializer = class org.apache.kafka.common.serialization.StringDeserializer
	max.partition.fetch.bytes = 1048576
	max.poll.interval.ms = 300000
	max.poll.records = 500
	metadata.max.age.ms = 300000
	metric.reporters = []
	metrics.num.samples = 2
	metrics.recording.level = INFO
	metrics.sample.window.ms = 30000
	partition.assignment.strategy = [class org.apache.kafka.clients.consumer.RangeAssignor, class org.apache.kafka.clients.consumer.CooperativeStickyAssignor]
	receive.buffer.bytes = 65536
	reconnect.backoff.max.ms = 1000
	reconnect.backoff.ms = 50
	request.timeout.ms = 30000
	retry.backoff.ms = 100
	sasl.client.callback.handler.class = null
	sasl.jaas.config = null
	sasl.kerberos.kinit.cmd = /usr/bin/kinit
	sasl.kerberos.min.time.before.relogin = 60000
	sasl.kerberos.service.name = null
	sasl.kerberos.ticket.renew.jitter = 0.05
	sasl.kerberos.ticket.renew.window.factor = 0.8
	sasl.login.callback.handler.class = null
	sasl.login.class = null
	sasl.login.connect.timeout.ms = null
	sasl.login.read.timeout.ms = null
	sasl.login.refresh.buffer.seconds = 300
	sasl.login.refresh.min.period.seconds = 60
	sasl.login.refresh.window.factor = 0.8
	sasl.login.refresh.window.jitter = 0.05
	sasl.login.retry.backoff.max.ms = 10000
	sasl.login.retry.backoff.ms = 100
	sasl.mechanism = GSSAPI
	sasl.oauthbearer.clock.skew.seconds = 30
	sasl.oauthbearer.expected.audience = null
	sasl.oauthbearer.expected.issuer = null
	sasl.oauthbearer.jwks.endpoint.refresh.ms = 3600000
	sasl.oauthbearer.jwks.endpoint.retry.backoff.max.ms = 10000
	sasl.oauthbearer.jwks.endpoint.retry.backoff.ms = 100
	sasl.oauthbearer.jwks.endpoint.url = null
	sasl.oauthbearer.scope.claim.name = scope
	sasl.oauthbearer.sub.claim.name = sub
	sasl.oauthbearer.token.endpoint.url = null
	security.protocol = PLAINTEXT
	security.providers = null
	send.buffer.bytes = 131072
	session.timeout.ms = 45000
	socket.connection.setup.timeout.max.ms = 30000
	socket.connection.setup.timeout.ms = 10000
	ssl.cipher.suites = null
	ssl.enabled.protocols = [TLSv1.2, TLSv1.3]
	ssl.endpoint.identification.algorithm = https
	ssl.engine.factory.class = null
	ssl.key.password = null
	ssl.keymanager.algorithm = SunX509
	ssl.keystore.certificate.chain = null
	ssl.keystore.key = null
	ssl.keystore.location = null
	ssl.keystore.password = null
	ssl.keystore.type = JKS
	ssl.protocol = TLSv1.3
	ssl.provider = null
	ssl.secure.random.implementation = null
	ssl.trustmanager.algorithm = PKIX
	ssl.truststore.certificates = null
	ssl.truststore.location = null
	ssl.truststore.password = null
	ssl.truststore.type = JKS
	value.deserializer = class org.springframework.kafka.support.serializer.JsonDeserializer

2025-11-30 16:30:33 INFO  o.a.kafka.common.utils.AppInfoParser - Kafka version: 3.6.0
2025-11-30 16:30:33 INFO  o.a.kafka.common.utils.AppInfoParser - Kafka commitId: 60e845626d8a465a
2025-11-30 16:30:33 INFO  o.a.kafka.common.utils.AppInfoParser - Kafka startTimeMs: 1764520233375
2025-11-30 16:30:33 INFO  o.s.k.c.DefaultKafkaConsumerFactory$ExtendedKafkaConsumer - [Consumer clientId=consumer-report-service-1, groupId=report-service] Subscribed to topic(s): reconciliation_result
2025-11-30 16:30:33 INFO  c.P.U.r.ReportServiceApplication - Started ReportServiceApplication in 196.189 seconds (process running for 205.469)
2025-11-30 16:31:44 INFO  o.apache.kafka.clients.NetworkClient - [Consumer clientId=consumer-report-service-1, groupId=report-service] Disconnecting from node -1 due to request timeout.
2025-11-30 16:32:43 INFO  o.apache.kafka.clients.NetworkClient - [Consumer clientId=consumer-report-service-1, groupId=report-service] Cancelled in-flight METADATA request with correlation id 2 due to node -1 being disconnected (elapsed time since creation: 30572ms, elapsed time since send: 30572ms, request timeout: 30000ms)
2025-11-30 16:34:17 INFO  o.apache.kafka.clients.NetworkClient - [Consumer clientId=consumer-report-service-1, groupId=report-service] Cancelled in-flight FIND_COORDINATOR request with correlation id 0 due to node -1 being disconnected (elapsed time since creation: 34581ms, elapsed time since send: 30527ms, request timeout: 30000ms)
2025-11-30 16:35:13 WARN  o.apache.kafka.clients.NetworkClient - [Consumer clientId=consumer-report-service-1, groupId=report-service] Bootstrap broker kafka:9092 (id: -1 rack: null) disconnected
2025-11-30 16:36:09 WARN  o.apache.kafka.clients.NetworkClient - [Consumer clientId=consumer-report-service-1, groupId=report-service] Error connecting to node kafka:9092 (id: -1 rack: null)
java.net.UnknownHostException: kafka: Temporary failure in name resolution
	at java.base/java.net.Inet6AddressImpl.lookupAllHostAddr(Native Method)
	at java.base/java.net.InetAddress$PlatformNameService.lookupAllHostAddr(InetAddress.java:934)
	at java.base/java.net.InetAddress.getAddressesFromNameService(InetAddress.java:1543)
	at java.base/java.net.InetAddress$NameServiceAddresses.get(InetAddress.java:852)
	at java.base/java.net.InetAddress.getAllByName0(InetAddress.java:1533)
	at java.base/java.net.InetAddress.getAllByName(InetAddress.java:1385)
	at java.base/java.net.InetAddress.getAllByName(InetAddress.java:1306)
	at org.apache.kafka.clients.DefaultHostResolver.resolve(DefaultHostResolver.java:27)
	at org.apache.kafka.clients.ClientUtils.resolve(ClientUtils.java:122)
	at org.apache.kafka.clients.ClusterConnectionStates$NodeConnectionState.currentAddress(ClusterConnectionStates.java:510)
	at org.apache.kafka.clients.ClusterConnectionStates$NodeConnectionState.access$200(ClusterConnectionStates.java:467)
	at org.apache.kafka.clients.ClusterConnectionStates.currentAddress(ClusterConnectionStates.java:173)
	at org.apache.kafka.clients.NetworkClient.initiateConnect(NetworkClient.java:1030)
	at org.apache.kafka.clients.NetworkClient.access$600(NetworkClient.java:73)
	at org.apache.kafka.clients.NetworkClient$DefaultMetadataUpdater.maybeUpdate(NetworkClient.java:1203)
	at org.apache.kafka.clients.NetworkClient$DefaultMetadataUpdater.maybeUpdate(NetworkClient.java:1091)
	at org.apache.kafka.clients.NetworkClient.poll(NetworkClient.java:569)
	at org.apache.kafka.clients.consumer.internals.ConsumerNetworkClient.poll(ConsumerNetworkClient.java:280)
	at org.apache.kafka.clients.consumer.internals.ConsumerNetworkClient.poll(ConsumerNetworkClient.java:251)
	at org.apache.kafka.clients.consumer.internals.ConsumerNetworkClient.poll(ConsumerNetworkClient.java:242)
	at org.apache.kafka.clients.consumer.internals.ConsumerNetworkClient.awaitMetadataUpdate(ConsumerNetworkClient.java:164)
	at org.apache.kafka.clients.consumer.internals.AbstractCoordinator.ensureCoordinatorReady(AbstractCoordinator.java:277)
	at org.apache.kafka.clients.consumer.internals.AbstractCoordinator.ensureCoordinatorReady(AbstractCoordinator.java:240)
	at org.apache.kafka.clients.consumer.internals.ConsumerCoordinator.coordinatorUnknownAndUnreadySync(ConsumerCoordinator.java:504)
	at org.apache.kafka.clients.consumer.internals.ConsumerCoordinator.poll(ConsumerCoordinator.java:536)
	at org.apache.kafka.clients.consumer.KafkaConsumer.updateAssignmentMetadataIfNeeded(KafkaConsumer.java:1220)
	at org.apache.kafka.clients.consumer.KafkaConsumer.poll(KafkaConsumer.java:1179)
	at org.apache.kafka.clients.consumer.KafkaConsumer.poll(KafkaConsumer.java:1159)
	at org.springframework.kafka.listener.KafkaMessageListenerContainer$ListenerConsumer.pollConsumer(KafkaMessageListenerContainer.java:1658)
	at org.springframework.kafka.listener.KafkaMessageListenerContainer$ListenerConsumer.doPoll(KafkaMessageListenerContainer.java:1633)
	at org.springframework.kafka.listener.KafkaMessageListenerContainer$ListenerConsumer.pollAndInvoke(KafkaMessageListenerContainer.java:1430)
	at org.springframework.kafka.listener.KafkaMessageListenerContainer$ListenerConsumer.run(KafkaMessageListenerContainer.java:1322)
	at java.base/java.util.concurrent.CompletableFuture$AsyncRun.run(CompletableFuture.java:1804)
	at java.base/java.lang.Thread.run(Thread.java:840)
2025-11-30 16:45:27 WARN  o.apache.kafka.clients.NetworkClient - [Consumer clientId=consumer-report-service-1, groupId=report-service] Bootstrap broker kafka:9092 (id: -1 rack: null) disconnected
2025-11-30 16:45:40 WARN  o.apache.kafka.clients.NetworkClient - [Consumer clientId=consumer-report-service-1, groupId=report-service] Error while fetching metadata with correlation id 5 : {reconciliation_result=UNKNOWN_TOPIC_OR_PARTITION}
2025-11-30 16:45:40 INFO  org.apache.kafka.clients.Metadata - [Consumer clientId=consumer-report-service-1, groupId=report-service] Cluster ID: w3TIzYtNT-qnAsjURzk2gQ
2025-11-30 16:45:42 WARN  o.apache.kafka.clients.NetworkClient - [Consumer clientId=consumer-report-service-1, groupId=report-service] Error while fetching metadata with correlation id 7 : {reconciliation_result=LEADER_NOT_AVAILABLE}
2025-11-30 16:45:42 WARN  o.apache.kafka.clients.NetworkClient - [Consumer clientId=consumer-report-service-1, groupId=report-service] Error while fetching metadata with correlation id 9 : {reconciliation_result=LEADER_NOT_AVAILABLE}
2025-11-30 16:45:42 WARN  o.apache.kafka.clients.NetworkClient - [Consumer clientId=consumer-report-service-1, groupId=report-service] Error while fetching metadata with correlation id 11 : {reconciliation_result=LEADER_NOT_AVAILABLE}
2025-11-30 16:45:42 WARN  o.apache.kafka.clients.NetworkClient - [Consumer clientId=consumer-report-service-1, groupId=report-service] Error while fetching metadata with correlation id 13 : {reconciliation_result=LEADER_NOT_AVAILABLE}
2025-11-30 16:45:43 WARN  o.apache.kafka.clients.NetworkClient - [Consumer clientId=consumer-report-service-1, groupId=report-service] Error while fetching metadata with correlation id 15 : {reconciliation_result=LEADER_NOT_AVAILABLE}
2025-11-30 16:45:43 WARN  o.apache.kafka.clients.NetworkClient - [Consumer clientId=consumer-report-service-1, groupId=report-service] Error while fetching metadata with correlation id 17 : {reconciliation_result=LEADER_NOT_AVAILABLE}
2025-11-30 16:45:43 WARN  o.apache.kafka.clients.NetworkClient - [Consumer clientId=consumer-report-service-1, groupId=report-service] Error while fetching metadata with correlation id 19 : {reconciliation_result=LEADER_NOT_AVAILABLE}
2025-11-30 16:45:43 WARN  o.apache.kafka.clients.NetworkClient - [Consumer clientId=consumer-report-service-1, groupId=report-service] Error while fetching metadata with correlation id 21 : {reconciliation_result=LEADER_NOT_AVAILABLE}
2025-11-30 16:45:43 WARN  o.apache.kafka.clients.NetworkClient - [Consumer clientId=consumer-report-service-1, groupId=report-service] Error while fetching metadata with correlation id 23 : {reconciliation_result=LEADER_NOT_AVAILABLE}
2025-11-30 16:45:44 WARN  o.apache.kafka.clients.NetworkClient - [Consumer clientId=consumer-report-service-1, groupId=report-service] Error while fetching metadata with correlation id 25 : {reconciliation_result=LEADER_NOT_AVAILABLE}
2025-11-30 16:45:44 WARN  o.apache.kafka.clients.NetworkClient - [Consumer clientId=consumer-report-service-1, groupId=report-service] Error while fetching metadata with correlation id 27 : {reconciliation_result=LEADER_NOT_AVAILABLE}
2025-11-30 16:45:44 WARN  o.apache.kafka.clients.NetworkClient - [Consumer clientId=consumer-report-service-1, groupId=report-service] Error while fetching metadata with correlation id 29 : {reconciliation_result=LEADER_NOT_AVAILABLE}
2025-11-30 16:45:44 WARN  o.apache.kafka.clients.NetworkClient - [Consumer clientId=consumer-report-service-1, groupId=report-service] Error while fetching metadata with correlation id 31 : {reconciliation_result=LEADER_NOT_AVAILABLE}
2025-11-30 16:45:44 WARN  o.apache.kafka.clients.NetworkClient - [Consumer clientId=consumer-report-service-1, groupId=report-service] Error while fetching metadata with correlation id 33 : {reconciliation_result=LEADER_NOT_AVAILABLE}
2025-11-30 16:45:45 WARN  o.apache.kafka.clients.NetworkClient - [Consumer clientId=consumer-report-service-1, groupId=report-service] Error while fetching metadata with correlation id 35 : {reconciliation_result=LEADER_NOT_AVAILABLE}
2025-11-30 16:45:46 WARN  o.apache.kafka.clients.NetworkClient - [Consumer clientId=consumer-report-service-1, groupId=report-service] Error while fetching metadata with correlation id 37 : {reconciliation_result=LEADER_NOT_AVAILABLE}
2025-11-30 16:45:46 WARN  o.apache.kafka.clients.NetworkClient - [Consumer clientId=consumer-report-service-1, groupId=report-service] Error while fetching metadata with correlation id 39 : {reconciliation_result=LEADER_NOT_AVAILABLE}
2025-11-30 16:45:48 WARN  o.apache.kafka.clients.NetworkClient - [Consumer clientId=consumer-report-service-1, groupId=report-service] Error while fetching metadata with correlation id 41 : {reconciliation_result=LEADER_NOT_AVAILABLE}
2025-11-30 16:45:50 WARN  o.apache.kafka.clients.NetworkClient - [Consumer clientId=consumer-report-service-1, groupId=report-service] Error while fetching metadata with correlation id 43 : {reconciliation_result=LEADER_NOT_AVAILABLE}
2025-11-30 16:45:51 WARN  o.apache.kafka.clients.NetworkClient - [Consumer clientId=consumer-report-service-1, groupId=report-service] Error while fetching metadata with correlation id 45 : {reconciliation_result=LEADER_NOT_AVAILABLE}
2025-11-30 16:45:51 WARN  o.apache.kafka.clients.NetworkClient - [Consumer clientId=consumer-report-service-1, groupId=report-service] Error while fetching metadata with correlation id 47 : {reconciliation_result=LEADER_NOT_AVAILABLE}
2025-11-30 16:45:51 WARN  o.apache.kafka.clients.NetworkClient - [Consumer clientId=consumer-report-service-1, groupId=report-service] Error while fetching metadata with correlation id 49 : {reconciliation_result=LEADER_NOT_AVAILABLE}
2025-11-30 16:45:52 WARN  o.apache.kafka.clients.NetworkClient - [Consumer clientId=consumer-report-service-1, groupId=report-service] Error while fetching metadata with correlation id 51 : {reconciliation_result=LEADER_NOT_AVAILABLE}
2025-11-30 16:45:52 WARN  o.apache.kafka.clients.NetworkClient - [Consumer clientId=consumer-report-service-1, groupId=report-service] Error while fetching metadata with correlation id 53 : {reconciliation_result=LEADER_NOT_AVAILABLE}
2025-11-30 16:45:52 WARN  o.apache.kafka.clients.NetworkClient - [Consumer clientId=consumer-report-service-1, groupId=report-service] Error while fetching metadata with correlation id 55 : {reconciliation_result=LEADER_NOT_AVAILABLE}
2025-11-30 16:45:52 WARN  o.apache.kafka.clients.NetworkClient - [Consumer clientId=consumer-report-service-1, groupId=report-service] Error while fetching metadata with correlation id 57 : {reconciliation_result=LEADER_NOT_AVAILABLE}
2025-11-30 16:45:53 WARN  o.apache.kafka.clients.NetworkClient - [Consumer clientId=consumer-report-service-1, groupId=report-service] Error while fetching metadata with correlation id 59 : {reconciliation_result=LEADER_NOT_AVAILABLE}
2025-11-30 16:45:53 WARN  o.apache.kafka.clients.NetworkClient - [Consumer clientId=consumer-report-service-1, groupId=report-service] Error while fetching metadata with correlation id 61 : {reconciliation_result=LEADER_NOT_AVAILABLE}
2025-11-30 16:45:53 WARN  o.apache.kafka.clients.NetworkClient - [Consumer clientId=consumer-report-service-1, groupId=report-service] Error while fetching metadata with correlation id 63 : {reconciliation_result=LEADER_NOT_AVAILABLE}
2025-11-30 16:46:01 WARN  o.apache.kafka.clients.NetworkClient - [Consumer clientId=consumer-report-service-1, groupId=report-service] Error while fetching metadata with correlation id 65 : {reconciliation_result=LEADER_NOT_AVAILABLE}
2025-11-30 16:46:01 WARN  o.apache.kafka.clients.NetworkClient - [Consumer clientId=consumer-report-service-1, groupId=report-service] Error while fetching metadata with correlation id 67 : {reconciliation_result=LEADER_NOT_AVAILABLE}
2025-11-30 16:46:01 WARN  o.apache.kafka.clients.NetworkClient - [Consumer clientId=consumer-report-service-1, groupId=report-service] Error while fetching metadata with correlation id 69 : {reconciliation_result=LEADER_NOT_AVAILABLE}
2025-11-30 16:46:01 WARN  o.apache.kafka.clients.NetworkClient - [Consumer clientId=consumer-report-service-1, groupId=report-service] Error while fetching metadata with correlation id 71 : {reconciliation_result=LEADER_NOT_AVAILABLE}
2025-11-30 16:46:01 WARN  o.apache.kafka.clients.NetworkClient - [Consumer clientId=consumer-report-service-1, groupId=report-service] Error while fetching metadata with correlation id 73 : {reconciliation_result=LEADER_NOT_AVAILABLE}
2025-11-30 16:46:02 WARN  o.apache.kafka.clients.NetworkClient - [Consumer clientId=consumer-report-service-1, groupId=report-service] Error while fetching metadata with correlation id 75 : {reconciliation_result=LEADER_NOT_AVAILABLE}
2025-11-30 16:46:02 WARN  o.apache.kafka.clients.NetworkClient - [Consumer clientId=consumer-report-service-1, groupId=report-service] Error while fetching metadata with correlation id 77 : {reconciliation_result=LEADER_NOT_AVAILABLE}
2025-11-30 16:46:02 WARN  o.apache.kafka.clients.NetworkClient - [Consumer clientId=consumer-report-service-1, groupId=report-service] Error while fetching metadata with correlation id 79 : {reconciliation_result=LEADER_NOT_AVAILABLE}
2025-11-30 16:46:27 INFO  o.a.k.c.c.i.ConsumerCoordinator - [Consumer clientId=consumer-report-service-1, groupId=report-service] Discovered group coordinator kafka:9092 (id: 2147483646 rack: null)
2025-11-30 16:46:28 INFO  o.a.k.c.c.i.ConsumerCoordinator - [Consumer clientId=consumer-report-service-1, groupId=report-service] (Re-)joining group
2025-11-30 16:46:31 INFO  o.a.k.c.c.i.ConsumerCoordinator - [Consumer clientId=consumer-report-service-1, groupId=report-service] Request joining group due to: need to re-join with the given member-id: consumer-report-service-1-c0197330-fc4f-4f3d-98c8-d015ef1ededa
2025-11-30 16:46:31 INFO  o.a.k.c.c.i.ConsumerCoordinator - [Consumer clientId=consumer-report-service-1, groupId=report-service] Request joining group due to: rebalance failed due to 'The group member needs to have a valid member id before actually entering a consumer group.' (MemberIdRequiredException)
2025-11-30 16:46:31 INFO  o.a.k.c.c.i.ConsumerCoordinator - [Consumer clientId=consumer-report-service-1, groupId=report-service] (Re-)joining group
2025-11-30 16:46:34 INFO  o.a.k.c.c.i.ConsumerCoordinator - [Consumer clientId=consumer-report-service-1, groupId=report-service] Successfully joined group with generation Generation{generationId=1, memberId='consumer-report-service-1-c0197330-fc4f-4f3d-98c8-d015ef1ededa', protocol='range'}
2025-11-30 16:46:34 INFO  o.a.k.c.c.i.ConsumerCoordinator - [Consumer clientId=consumer-report-service-1, groupId=report-service] Finished assignment for group at generation 1: {consumer-report-service-1-c0197330-fc4f-4f3d-98c8-d015ef1ededa=Assignment(partitions=[reconciliation_result-0])}
2025-11-30 16:46:35 INFO  o.a.k.c.c.i.ConsumerCoordinator - [Consumer clientId=consumer-report-service-1, groupId=report-service] Successfully synced group in generation Generation{generationId=1, memberId='consumer-report-service-1-c0197330-fc4f-4f3d-98c8-d015ef1ededa', protocol='range'}
2025-11-30 16:46:35 INFO  o.a.k.c.c.i.ConsumerCoordinator - [Consumer clientId=consumer-report-service-1, groupId=report-service] Notifying assignor about the new Assignment(partitions=[reconciliation_result-0])
2025-11-30 16:46:36 INFO  o.a.k.c.c.i.ConsumerCoordinator - [Consumer clientId=consumer-report-service-1, groupId=report-service] Adding newly assigned partitions: reconciliation_result-0
2025-11-30 16:46:36 INFO  o.a.k.c.c.i.ConsumerCoordinator - [Consumer clientId=consumer-report-service-1, groupId=report-service] Found no committed offset for partition reconciliation_result-0
2025-11-30 16:46:36 INFO  o.a.k.c.c.i.ConsumerCoordinator - [Consumer clientId=consumer-report-service-1, groupId=report-service] Found no committed offset for partition reconciliation_result-0
2025-11-30 16:46:36 INFO  o.a.k.c.c.i.SubscriptionState - [Consumer clientId=consumer-report-service-1, groupId=report-service] Resetting offset for partition reconciliation_result-0 to position FetchPosition{offset=0, offsetEpoch=Optional.empty, currentLeader=LeaderAndEpoch{leader=Optional[kafka:9092 (id: 1 rack: null)], epoch=0}}.
2025-11-30 16:46:37 INFO  o.s.k.l.KafkaMessageListenerContainer - report-service: partitions assigned: [reconciliation_result-0]
2025-11-30 16:54:40 INFO  o.apache.kafka.clients.NetworkClient - [Consumer clientId=consumer-report-service-1, groupId=report-service] Node -1 disconnected.
2025-11-30 16:56:24 INFO  o.s.b.d.a.LocalDevToolsAutoConfiguration$RestartingClassPathChangeChangedEventListener - Restarting due to 12 class path changes (0 additions, 0 deletions, 12 modifications)
2025-11-30 16:56:25 INFO  o.a.k.c.c.i.ConsumerCoordinator - [Consumer clientId=consumer-report-service-1, groupId=report-service] Revoke previously assigned partitions reconciliation_result-0
2025-11-30 16:56:25 INFO  o.s.k.l.KafkaMessageListenerContainer - report-service: partitions revoked: [reconciliation_result-0]
2025-11-30 16:56:25 INFO  o.a.k.c.c.i.ConsumerCoordinator - [Consumer clientId=consumer-report-service-1, groupId=report-service] Member consumer-report-service-1-c0197330-fc4f-4f3d-98c8-d015ef1ededa sending LeaveGroup request to coordinator kafka:9092 (id: 2147483646 rack: null) due to the consumer unsubscribed from all topics
2025-11-30 16:56:25 INFO  o.a.k.c.c.i.ConsumerCoordinator - [Consumer clientId=consumer-report-service-1, groupId=report-service] Resetting generation and member id due to: consumer pro-actively leaving the group
2025-11-30 16:56:25 INFO  o.a.k.c.c.i.ConsumerCoordinator - [Consumer clientId=consumer-report-service-1, groupId=report-service] Request joining group due to: consumer pro-actively leaving the group
2025-11-30 16:56:25 INFO  o.s.k.c.DefaultKafkaConsumerFactory$ExtendedKafkaConsumer - [Consumer clientId=consumer-report-service-1, groupId=report-service] Unsubscribed all topics or patterns and assigned partitions
2025-11-30 16:56:26 INFO  o.a.k.c.c.i.ConsumerCoordinator - [Consumer clientId=consumer-report-service-1, groupId=report-service] Resetting generation and member id due to: consumer pro-actively leaving the group
2025-11-30 16:56:26 INFO  o.a.k.c.c.i.ConsumerCoordinator - [Consumer clientId=consumer-report-service-1, groupId=report-service] Request joining group due to: consumer pro-actively leaving the group
2025-11-30 16:56:26 INFO  o.a.kafka.common.metrics.Metrics - Metrics scheduler closed
2025-11-30 16:56:26 INFO  o.a.kafka.common.metrics.Metrics - Closing reporter org.apache.kafka.common.metrics.JmxReporter
2025-11-30 16:56:26 INFO  o.a.kafka.common.metrics.Metrics - Metrics reporters closed
2025-11-30 16:56:26 INFO  o.a.kafka.common.utils.AppInfoParser - App info kafka.consumer for consumer-report-service-1 unregistered
2025-11-30 16:56:26 INFO  o.s.k.l.KafkaMessageListenerContainer - report-service: Consumer stopped
2025-11-30 16:56:26 INFO  o.a.coyote.http11.Http11NioProtocol - Stopping ProtocolHandler ["http-nio-8085"]
2025-11-30 16:56:27 INFO  o.s.o.j.LocalContainerEntityManagerFactoryBean - Closing JPA EntityManagerFactory for persistence unit 'default'
2025-11-30 16:56:27 INFO  com.zaxxer.hikari.HikariDataSource - HikariPool-1 - Shutdown initiated...
2025-11-30 16:56:27 INFO  com.zaxxer.hikari.HikariDataSource - HikariPool-1 - Shutdown completed.
2025-11-30 16:56:36 INFO  c.P.U.r.ReportServiceApplication - Starting ReportServiceApplication using Java 17.0.17 with PID 65 (/app/target/classes started by root in /app)
2025-11-30 16:56:36 INFO  c.P.U.r.ReportServiceApplication - No active profile set, falling back to 1 default profile: "default"
2025-11-30 16:57:05 INFO  o.s.d.r.c.RepositoryConfigurationDelegate - Bootstrapping Spring Data JPA repositories in DEFAULT mode.
2025-11-30 16:57:06 INFO  o.s.d.r.c.RepositoryConfigurationDelegate - Finished Spring Data repository scanning in 1011 ms. Found 1 JPA repository interface.
2025-11-30 16:57:12 INFO  o.s.b.w.e.tomcat.TomcatWebServer - Tomcat initialized with port 8085 (http)
2025-11-30 16:57:12 INFO  o.a.coyote.http11.Http11NioProtocol - Initializing ProtocolHandler ["http-nio-8085"]
2025-11-30 16:57:12 INFO  o.a.catalina.core.StandardService - Starting service [Tomcat]
2025-11-30 16:57:12 INFO  o.a.catalina.core.StandardEngine - Starting Servlet engine: [Apache Tomcat/10.1.16]
2025-11-30 16:57:14 INFO  o.a.c.c.C.[Tomcat].[localhost].[/] - Initializing Spring embedded WebApplicationContext
2025-11-30 16:57:14 INFO  o.s.b.w.s.c.ServletWebServerApplicationContext - Root WebApplicationContext: initialization completed in 38062 ms
2025-11-30 16:57:16 INFO  o.h.jpa.internal.util.LogHelper - HHH000204: Processing PersistenceUnitInfo [name: default]
2025-11-30 16:57:19 INFO  o.h.c.i.RegionFactoryInitiator - HHH000026: Second-level cache disabled
2025-11-30 16:57:21 INFO  o.s.o.j.p.SpringPersistenceUnitInfo - No LoadTimeWeaver setup: ignoring JPA class transformer
2025-11-30 16:57:21 INFO  com.zaxxer.hikari.HikariDataSource - HikariPool-2 - Starting...
2025-11-30 16:57:24 INFO  com.zaxxer.hikari.pool.HikariPool - HikariPool-2 - Added connection org.postgresql.jdbc.PgConnection@3d33ab47
2025-11-30 16:57:25 INFO  com.zaxxer.hikari.HikariDataSource - HikariPool-2 - Start completed.
2025-11-30 16:57:25 WARN  org.hibernate.orm.deprecation - HHH90000025: PostgreSQLDialect does not need to be specified explicitly using 'hibernate.dialect' (remove the property setting and it will be selected by default)
2025-11-30 16:57:36 INFO  o.h.e.t.j.p.i.JtaPlatformInitiator - HHH000489: No JTA platform available (set 'hibernate.transaction.jta.platform' to enable JTA platform integration)
2025-11-30 16:57:37 INFO  o.s.o.j.LocalContainerEntityManagerFactoryBean - Initialized JPA EntityManagerFactory for persistence unit 'default'
2025-11-30 16:57:45 WARN  o.s.b.a.o.j.JpaBaseConfiguration$JpaWebConfiguration - spring.jpa.open-in-view is enabled by default. Therefore, database queries may be performed during view rendering. Explicitly configure spring.jpa.open-in-view to disable this warning
2025-11-30 16:58:40 INFO  o.s.b.d.a.OptionalLiveReloadServer - LiveReload server is running on port 35729
2025-11-30 16:58:44 INFO  o.a.coyote.http11.Http11NioProtocol - Starting ProtocolHandler ["http-nio-8085"]
2025-11-30 16:58:44 INFO  o.s.b.w.e.tomcat.TomcatWebServer - Tomcat started on port 8085 (http) with context path ''
2025-11-30 16:58:44 INFO  o.a.k.c.consumer.ConsumerConfig - ConsumerConfig values: 
	allow.auto.create.topics = true
	auto.commit.interval.ms = 5000
	auto.include.jmx.reporter = true
	auto.offset.reset = latest
	bootstrap.servers = [kafka:9092]
	check.crcs = true
	client.dns.lookup = use_all_dns_ips
	client.id = consumer-report-service-2
	client.rack = 
	connections.max.idle.ms = 540000
	default.api.timeout.ms = 60000
	enable.auto.commit = false
	exclude.internal.topics = true
	fetch.max.bytes = 52428800
	fetch.max.wait.ms = 500
	fetch.min.bytes = 1
	group.id = report-service
	group.instance.id = null
	heartbeat.interval.ms = 3000
	interceptor.classes = []
	internal.leave.group.on.close = true
	internal.throw.on.fetch.stable.offset.unsupported = false
	isolation.level = read_uncommitted
	key.deserializer = class org.apache.kafka.common.serialization.StringDeserializer
	max.partition.fetch.bytes = 1048576
	max.poll.interval.ms = 300000
	max.poll.records = 500
	metadata.max.age.ms = 300000
	metric.reporters = []
	metrics.num.samples = 2
	metrics.recording.level = INFO
	metrics.sample.window.ms = 30000
	partition.assignment.strategy = [class org.apache.kafka.clients.consumer.RangeAssignor, class org.apache.kafka.clients.consumer.CooperativeStickyAssignor]
	receive.buffer.bytes = 65536
	reconnect.backoff.max.ms = 1000
	reconnect.backoff.ms = 50
	request.timeout.ms = 30000
	retry.backoff.ms = 100
	sasl.client.callback.handler.class = null
	sasl.jaas.config = null
	sasl.kerberos.kinit.cmd = /usr/bin/kinit
	sasl.kerberos.min.time.before.relogin = 60000
	sasl.kerberos.service.name = null
	sasl.kerberos.ticket.renew.jitter = 0.05
	sasl.kerberos.ticket.renew.window.factor = 0.8
	sasl.login.callback.handler.class = null
	sasl.login.class = null
	sasl.login.connect.timeout.ms = null
	sasl.login.read.timeout.ms = null
	sasl.login.refresh.buffer.seconds = 300
	sasl.login.refresh.min.period.seconds = 60
	sasl.login.refresh.window.factor = 0.8
	sasl.login.refresh.window.jitter = 0.05
	sasl.login.retry.backoff.max.ms = 10000
	sasl.login.retry.backoff.ms = 100
	sasl.mechanism = GSSAPI
	sasl.oauthbearer.clock.skew.seconds = 30
	sasl.oauthbearer.expected.audience = null
	sasl.oauthbearer.expected.issuer = null
	sasl.oauthbearer.jwks.endpoint.refresh.ms = 3600000
	sasl.oauthbearer.jwks.endpoint.retry.backoff.max.ms = 10000
	sasl.oauthbearer.jwks.endpoint.retry.backoff.ms = 100
	sasl.oauthbearer.jwks.endpoint.url = null
	sasl.oauthbearer.scope.claim.name = scope
	sasl.oauthbearer.sub.claim.name = sub
	sasl.oauthbearer.token.endpoint.url = null
	security.protocol = PLAINTEXT
	security.providers = null
	send.buffer.bytes = 131072
	session.timeout.ms = 45000
	socket.connection.setup.timeout.max.ms = 30000
	socket.connection.setup.timeout.ms = 10000
	ssl.cipher.suites = null
	ssl.enabled.protocols = [TLSv1.2, TLSv1.3]
	ssl.endpoint.identification.algorithm = https
	ssl.engine.factory.class = null
	ssl.key.password = null
	ssl.keymanager.algorithm = SunX509
	ssl.keystore.certificate.chain = null
	ssl.keystore.key = null
	ssl.keystore.location = null
	ssl.keystore.password = null
	ssl.keystore.type = JKS
	ssl.protocol = TLSv1.3
	ssl.provider = null
	ssl.secure.random.implementation = null
	ssl.trustmanager.algorithm = PKIX
	ssl.truststore.certificates = null
	ssl.truststore.location = null
	ssl.truststore.password = null
	ssl.truststore.type = JKS
	value.deserializer = class org.springframework.kafka.support.serializer.JsonDeserializer

2025-11-30 16:58:45 INFO  o.a.kafka.common.utils.AppInfoParser - Kafka version: 3.6.0
2025-11-30 16:58:45 INFO  o.a.kafka.common.utils.AppInfoParser - Kafka commitId: 60e845626d8a465a
2025-11-30 16:58:45 INFO  o.a.kafka.common.utils.AppInfoParser - Kafka startTimeMs: 1764521925152
2025-11-30 16:58:45 INFO  o.s.k.c.DefaultKafkaConsumerFactory$ExtendedKafkaConsumer - [Consumer clientId=consumer-report-service-2, groupId=report-service] Subscribed to topic(s): reconciliation_result
2025-11-30 16:58:45 INFO  c.P.U.r.ReportServiceApplication - Started ReportServiceApplication in 130.886 seconds (process running for 1898.096)
2025-11-30 16:58:45 INFO  o.s.b.d.a.ConditionEvaluationDeltaLoggingListener - Condition evaluation unchanged
2025-11-30 16:58:46 INFO  org.apache.kafka.clients.Metadata - [Consumer clientId=consumer-report-service-2, groupId=report-service] Cluster ID: w3TIzYtNT-qnAsjURzk2gQ
2025-11-30 16:58:46 INFO  o.a.k.c.c.i.ConsumerCoordinator - [Consumer clientId=consumer-report-service-2, groupId=report-service] Discovered group coordinator kafka:9092 (id: 2147483646 rack: null)
2025-11-30 16:58:46 INFO  o.a.k.c.c.i.ConsumerCoordinator - [Consumer clientId=consumer-report-service-2, groupId=report-service] (Re-)joining group
2025-11-30 16:58:46 INFO  o.a.k.c.c.i.ConsumerCoordinator - [Consumer clientId=consumer-report-service-2, groupId=report-service] Request joining group due to: need to re-join with the given member-id: consumer-report-service-2-972bdc3d-8e6e-4db8-828a-93f80d282680
2025-11-30 16:58:46 INFO  o.a.k.c.c.i.ConsumerCoordinator - [Consumer clientId=consumer-report-service-2, groupId=report-service] Request joining group due to: rebalance failed due to 'The group member needs to have a valid member id before actually entering a consumer group.' (MemberIdRequiredException)
2025-11-30 16:58:46 INFO  o.a.k.c.c.i.ConsumerCoordinator - [Consumer clientId=consumer-report-service-2, groupId=report-service] (Re-)joining group
2025-11-30 16:58:49 INFO  o.a.k.c.c.i.ConsumerCoordinator - [Consumer clientId=consumer-report-service-2, groupId=report-service] Successfully joined group with generation Generation{generationId=3, memberId='consumer-report-service-2-972bdc3d-8e6e-4db8-828a-93f80d282680', protocol='range'}
2025-11-30 16:58:49 INFO  o.a.k.c.c.i.ConsumerCoordinator - [Consumer clientId=consumer-report-service-2, groupId=report-service] Finished assignment for group at generation 3: {consumer-report-service-2-972bdc3d-8e6e-4db8-828a-93f80d282680=Assignment(partitions=[reconciliation_result-0])}
2025-11-30 16:58:50 INFO  o.a.k.c.c.i.ConsumerCoordinator - [Consumer clientId=consumer-report-service-2, groupId=report-service] Successfully synced group in generation Generation{generationId=3, memberId='consumer-report-service-2-972bdc3d-8e6e-4db8-828a-93f80d282680', protocol='range'}
2025-11-30 16:58:50 INFO  o.a.k.c.c.i.ConsumerCoordinator - [Consumer clientId=consumer-report-service-2, groupId=report-service] Notifying assignor about the new Assignment(partitions=[reconciliation_result-0])
2025-11-30 16:58:50 INFO  o.a.k.c.c.i.ConsumerCoordinator - [Consumer clientId=consumer-report-service-2, groupId=report-service] Adding newly assigned partitions: reconciliation_result-0
2025-11-30 16:58:50 INFO  o.a.k.c.c.i.ConsumerCoordinator - [Consumer clientId=consumer-report-service-2, groupId=report-service] Setting offset for partition reconciliation_result-0 to the committed offset FetchPosition{offset=0, offsetEpoch=Optional.empty, currentLeader=LeaderAndEpoch{leader=Optional[kafka:9092 (id: 1 rack: null)], epoch=0}}
2025-11-30 16:58:50 INFO  o.s.k.l.KafkaMessageListenerContainer - report-service: partitions assigned: [reconciliation_result-0]
2025-11-30 17:00:51 INFO  o.a.k.c.c.i.ConsumerCoordinator - [Consumer clientId=consumer-report-service-2, groupId=report-service] Revoke previously assigned partitions reconciliation_result-0
2025-11-30 17:00:51 INFO  o.s.k.l.KafkaMessageListenerContainer - report-service: partitions revoked: [reconciliation_result-0]
2025-11-30 17:00:51 INFO  o.a.k.c.c.i.ConsumerCoordinator - [Consumer clientId=consumer-report-service-2, groupId=report-service] Member consumer-report-service-2-972bdc3d-8e6e-4db8-828a-93f80d282680 sending LeaveGroup request to coordinator kafka:9092 (id: 2147483646 rack: null) due to the consumer unsubscribed from all topics
2025-11-30 17:00:51 INFO  o.a.k.c.c.i.ConsumerCoordinator - [Consumer clientId=consumer-report-service-2, groupId=report-service] Resetting generation and member id due to: consumer pro-actively leaving the group
2025-11-30 17:00:51 INFO  o.a.k.c.c.i.ConsumerCoordinator - [Consumer clientId=consumer-report-service-2, groupId=report-service] Request joining group due to: consumer pro-actively leaving the group
2025-11-30 17:00:51 INFO  o.s.k.c.DefaultKafkaConsumerFactory$ExtendedKafkaConsumer - [Consumer clientId=consumer-report-service-2, groupId=report-service] Unsubscribed all topics or patterns and assigned partitions
2025-11-30 17:00:51 INFO  o.a.k.c.c.i.ConsumerCoordinator - [Consumer clientId=consumer-report-service-2, groupId=report-service] Resetting generation and member id due to: consumer pro-actively leaving the group
2025-11-30 17:00:51 INFO  o.a.k.c.c.i.ConsumerCoordinator - [Consumer clientId=consumer-report-service-2, groupId=report-service] Request joining group due to: consumer pro-actively leaving the group
2025-11-30 17:00:52 INFO  o.a.kafka.common.metrics.Metrics - Metrics scheduler closed
2025-11-30 17:00:52 INFO  o.a.kafka.common.metrics.Metrics - Closing reporter org.apache.kafka.common.metrics.JmxReporter
2025-11-30 17:00:52 INFO  o.a.kafka.common.metrics.Metrics - Metrics reporters closed
2025-11-30 17:00:52 INFO  o.a.kafka.common.utils.AppInfoParser - App info kafka.consumer for consumer-report-service-2 unregistered
2025-11-30 17:00:52 INFO  o.s.k.l.KafkaMessageListenerContainer - report-service: Consumer stopped
2025-11-30 17:00:54 INFO  o.s.o.j.LocalContainerEntityManagerFactoryBean - Closing JPA EntityManagerFactory for persistence unit 'default'
2025-11-30 17:00:54 INFO  com.zaxxer.hikari.HikariDataSource - HikariPool-2 - Shutdown initiated...
2025-11-30 17:00:54 INFO  com.zaxxer.hikari.HikariDataSource - HikariPool-2 - Shutdown completed.
