2025-12-05 14:14:30 INFO  o.h.validator.internal.util.Version - HV000001: Hibernate Validator 8.0.2.Final
2025-12-05 14:14:32 INFO  c.P.U.n.NormalizerServiceApplication - Starting NormalizerServiceApplication using Java 17.0.17 with PID 57 (/app/target/classes started by root in /app)
2025-12-05 14:14:32 INFO  c.P.U.n.NormalizerServiceApplication - No active profile set, falling back to 1 default profile: "default"
2025-12-05 14:14:33 INFO  o.s.b.d.e.DevToolsPropertyDefaultsPostProcessor - Devtools property defaults active! Set 'spring.devtools.add-properties' to 'false' to disable
2025-12-05 14:14:33 INFO  o.s.b.d.e.DevToolsPropertyDefaultsPostProcessor - For additional web related logging consider setting the 'logging.level.web' property to 'DEBUG'
2025-12-05 14:15:26 INFO  o.s.d.r.c.RepositoryConfigurationDelegate - Bootstrapping Spring Data JPA repositories in DEFAULT mode.
2025-12-05 14:15:28 INFO  o.s.d.r.c.RepositoryConfigurationDelegate - Finished Spring Data repository scanning in 1912 ms. Found 1 JPA repository interface.
2025-12-05 14:15:44 INFO  o.s.b.w.e.tomcat.TomcatWebServer - Tomcat initialized with port 8083 (http)
2025-12-05 14:15:44 INFO  o.a.coyote.http11.Http11NioProtocol - Initializing ProtocolHandler ["http-nio-8083"]
2025-12-05 14:15:44 INFO  o.a.catalina.core.StandardService - Starting service [Tomcat]
2025-12-05 14:15:44 INFO  o.a.catalina.core.StandardEngine - Starting Servlet engine: [Apache Tomcat/10.1.42]
2025-12-05 14:15:45 INFO  o.a.c.c.C.[Tomcat].[localhost].[/] - Initializing Spring embedded WebApplicationContext
2025-12-05 14:15:45 INFO  o.s.b.w.s.c.ServletWebServerApplicationContext - Root WebApplicationContext: initialization completed in 72436 ms
2025-12-05 14:15:49 INFO  o.h.jpa.internal.util.LogHelper - HHH000204: Processing PersistenceUnitInfo [name: default]
2025-12-05 14:15:51 INFO  org.hibernate.Version - HHH000412: Hibernate ORM core version 6.6.18.Final
2025-12-05 14:15:52 INFO  o.h.c.i.RegionFactoryInitiator - HHH000026: Second-level cache disabled
2025-12-05 14:16:03 INFO  o.s.o.j.p.SpringPersistenceUnitInfo - No LoadTimeWeaver setup: ignoring JPA class transformer
2025-12-05 14:16:04 INFO  com.zaxxer.hikari.HikariDataSource - HikariPool-1 - Starting...
2025-12-05 14:16:07 INFO  com.zaxxer.hikari.pool.HikariPool - HikariPool-1 - Added connection org.postgresql.jdbc.PgConnection@9ce092a
2025-12-05 14:16:07 INFO  com.zaxxer.hikari.HikariDataSource - HikariPool-1 - Start completed.
2025-12-05 14:16:10 WARN  org.hibernate.orm.deprecation - HHH90000025: PostgreSQLDialect does not need to be specified explicitly using 'hibernate.dialect' (remove the property setting and it will be selected by default)
2025-12-05 14:16:10 INFO  o.hibernate.orm.connections.pooling - HHH10001005: Database info:
	Database JDBC URL [Connecting through datasource 'HikariDataSource (HikariPool-1)']
	Database driver: undefined/unknown
	Database version: 15.13
	Autocommit mode: undefined/unknown
	Isolation level: undefined/unknown
	Minimum pool size: undefined/unknown
	Maximum pool size: undefined/unknown
2025-12-05 14:16:33 INFO  o.h.e.t.j.p.i.JtaPlatformInitiator - HHH000489: No JTA platform available (set 'hibernate.transaction.jta.platform' to enable JTA platform integration)
2025-12-05 14:16:34 WARN  o.h.t.s.i.ExceptionHandlerLoggedImpl - GenerationTarget encountered exception accepting command : Error executing DDL "alter table if exists normalized_upi_transactions add column source varchar(255) not null" via JDBC [ERROR: column "source" of relation "normalized_upi_transactions" contains null values]
org.hibernate.tool.schema.spi.CommandAcceptanceException: Error executing DDL "alter table if exists normalized_upi_transactions add column source varchar(255) not null" via JDBC [ERROR: column "source" of relation "normalized_upi_transactions" contains null values]
	at org.hibernate.tool.schema.internal.exec.GenerationTargetToDatabase.accept(GenerationTargetToDatabase.java:94)
	at org.hibernate.tool.schema.internal.AbstractSchemaMigrator.applySqlString(AbstractSchemaMigrator.java:576)
	at org.hibernate.tool.schema.internal.AbstractSchemaMigrator.applySqlStrings(AbstractSchemaMigrator.java:516)
	at org.hibernate.tool.schema.internal.AbstractSchemaMigrator.migrateTable(AbstractSchemaMigrator.java:334)
	at org.hibernate.tool.schema.internal.GroupedSchemaMigratorImpl.performTablesMigration(GroupedSchemaMigratorImpl.java:84)
	at org.hibernate.tool.schema.internal.AbstractSchemaMigrator.performMigration(AbstractSchemaMigrator.java:233)
	at org.hibernate.tool.schema.internal.AbstractSchemaMigrator.doMigration(AbstractSchemaMigrator.java:112)
	at org.hibernate.tool.schema.spi.SchemaManagementToolCoordinator.performDatabaseAction(SchemaManagementToolCoordinator.java:280)
	at org.hibernate.tool.schema.spi.SchemaManagementToolCoordinator.lambda$process$5(SchemaManagementToolCoordinator.java:144)
	at java.base/java.util.HashMap.forEach(HashMap.java:1421)
	at org.hibernate.tool.schema.spi.SchemaManagementToolCoordinator.process(SchemaManagementToolCoordinator.java:141)
	at org.hibernate.boot.internal.SessionFactoryObserverForSchemaExport.sessionFactoryCreated(SessionFactoryObserverForSchemaExport.java:37)
	at org.hibernate.internal.SessionFactoryObserverChain.sessionFactoryCreated(SessionFactoryObserverChain.java:35)
	at org.hibernate.internal.SessionFactoryImpl.<init>(SessionFactoryImpl.java:324)
	at org.hibernate.boot.internal.SessionFactoryBuilderImpl.build(SessionFactoryBuilderImpl.java:463)
	at org.hibernate.jpa.boot.internal.EntityManagerFactoryBuilderImpl.build(EntityManagerFactoryBuilderImpl.java:1517)
	at org.springframework.orm.jpa.vendor.SpringHibernateJpaPersistenceProvider.createContainerEntityManagerFactory(SpringHibernateJpaPersistenceProvider.java:66)
	at org.springframework.orm.jpa.LocalContainerEntityManagerFactoryBean.createNativeEntityManagerFactory(LocalContainerEntityManagerFactoryBean.java:390)
	at org.springframework.orm.jpa.AbstractEntityManagerFactoryBean.buildNativeEntityManagerFactory(AbstractEntityManagerFactoryBean.java:419)
	at org.springframework.orm.jpa.AbstractEntityManagerFactoryBean.afterPropertiesSet(AbstractEntityManagerFactoryBean.java:400)
	at org.springframework.orm.jpa.LocalContainerEntityManagerFactoryBean.afterPropertiesSet(LocalContainerEntityManagerFactoryBean.java:366)
	at org.springframework.beans.factory.support.AbstractAutowireCapableBeanFactory.invokeInitMethods(AbstractAutowireCapableBeanFactory.java:1873)
	at org.springframework.beans.factory.support.AbstractAutowireCapableBeanFactory.initializeBean(AbstractAutowireCapableBeanFactory.java:1822)
	at org.springframework.beans.factory.support.AbstractAutowireCapableBeanFactory.doCreateBean(AbstractAutowireCapableBeanFactory.java:607)
	at org.springframework.beans.factory.support.AbstractAutowireCapableBeanFactory.createBean(AbstractAutowireCapableBeanFactory.java:529)
	at org.springframework.beans.factory.support.AbstractBeanFactory.lambda$doGetBean$0(AbstractBeanFactory.java:339)
	at org.springframework.beans.factory.support.DefaultSingletonBeanRegistry.getSingleton(DefaultSingletonBeanRegistry.java:373)
	at org.springframework.beans.factory.support.AbstractBeanFactory.doGetBean(AbstractBeanFactory.java:337)
	at org.springframework.beans.factory.support.AbstractBeanFactory.getBean(AbstractBeanFactory.java:207)
	at org.springframework.context.support.AbstractApplicationContext.finishBeanFactoryInitialization(AbstractApplicationContext.java:970)
	at org.springframework.context.support.AbstractApplicationContext.refresh(AbstractApplicationContext.java:627)
	at org.springframework.boot.web.servlet.context.ServletWebServerApplicationContext.refresh(ServletWebServerApplicationContext.java:146)
	at org.springframework.boot.SpringApplication.refresh(SpringApplication.java:752)
	at org.springframework.boot.SpringApplication.refreshContext(SpringApplication.java:439)
	at org.springframework.boot.SpringApplication.run(SpringApplication.java:318)
	at org.springframework.boot.SpringApplication.run(SpringApplication.java:1361)
	at org.springframework.boot.SpringApplication.run(SpringApplication.java:1350)
	at com.Project.UPIRecon.normalizer.NormalizerServiceApplication.main(NormalizerServiceApplication.java:9)
	at java.base/jdk.internal.reflect.NativeMethodAccessorImpl.invoke0(Native Method)
	at java.base/jdk.internal.reflect.NativeMethodAccessorImpl.invoke(NativeMethodAccessorImpl.java:77)
	at java.base/jdk.internal.reflect.DelegatingMethodAccessorImpl.invoke(DelegatingMethodAccessorImpl.java:43)
	at java.base/java.lang.reflect.Method.invoke(Method.java:569)
	at org.springframework.boot.devtools.restart.RestartLauncher.run(RestartLauncher.java:50)
Caused by: org.postgresql.util.PSQLException: ERROR: column "source" of relation "normalized_upi_transactions" contains null values
	at org.postgresql.core.v3.QueryExecutorImpl.receiveErrorResponse(QueryExecutorImpl.java:2725)
	at org.postgresql.core.v3.QueryExecutorImpl.processResults(QueryExecutorImpl.java:2412)
	at org.postgresql.core.v3.QueryExecutorImpl.execute(QueryExecutorImpl.java:371)
	at org.postgresql.jdbc.PgStatement.executeInternal(PgStatement.java:502)
	at org.postgresql.jdbc.PgStatement.execute(PgStatement.java:419)
	at org.postgresql.jdbc.PgStatement.executeWithFlags(PgStatement.java:341)
	at org.postgresql.jdbc.PgStatement.executeCachedSql(PgStatement.java:326)
	at org.postgresql.jdbc.PgStatement.executeWithFlags(PgStatement.java:302)
	at org.postgresql.jdbc.PgStatement.execute(PgStatement.java:297)
	at com.zaxxer.hikari.pool.ProxyStatement.execute(ProxyStatement.java:95)
	at com.zaxxer.hikari.pool.HikariProxyStatement.execute(HikariProxyStatement.java)
	at org.hibernate.tool.schema.internal.exec.GenerationTargetToDatabase.accept(GenerationTargetToDatabase.java:80)
	... 42 common frames omitted
2025-12-05 14:16:34 INFO  o.s.o.j.LocalContainerEntityManagerFactoryBean - Initialized JPA EntityManagerFactory for persistence unit 'default'
2025-12-05 14:16:43 WARN  o.s.b.a.o.j.JpaBaseConfiguration$JpaWebConfiguration - spring.jpa.open-in-view is enabled by default. Therefore, database queries may be performed during view rendering. Explicitly configure spring.jpa.open-in-view to disable this warning
2025-12-05 14:17:02 INFO  o.s.b.d.a.OptionalLiveReloadServer - LiveReload server is running on port 35729
2025-12-05 14:17:03 INFO  o.a.coyote.http11.Http11NioProtocol - Starting ProtocolHandler ["http-nio-8083"]
2025-12-05 14:17:03 INFO  o.s.b.w.e.tomcat.TomcatWebServer - Tomcat started on port 8083 (http) with context path '/'
2025-12-05 14:17:03 INFO  o.a.k.c.consumer.ConsumerConfig - ConsumerConfig values: 
	allow.auto.create.topics = true
	auto.commit.interval.ms = 5000
	auto.include.jmx.reporter = true
	auto.offset.reset = latest
	bootstrap.servers = [kafka:9092]
	check.crcs = true
	client.dns.lookup = use_all_dns_ips
	client.id = consumer-normalizer-group-1
	client.rack = 
	connections.max.idle.ms = 540000
	default.api.timeout.ms = 60000
	enable.auto.commit = false
	enable.metrics.push = true
	exclude.internal.topics = true
	fetch.max.bytes = 52428800
	fetch.max.wait.ms = 500
	fetch.min.bytes = 1
	group.id = normalizer-group
	group.instance.id = null
	group.protocol = classic
	group.remote.assignor = null
	heartbeat.interval.ms = 3000
	interceptor.classes = []
	internal.leave.group.on.close = true
	internal.throw.on.fetch.stable.offset.unsupported = false
	isolation.level = read_uncommitted
	key.deserializer = class org.apache.kafka.common.serialization.StringDeserializer
	max.partition.fetch.bytes = 1048576
	max.poll.interval.ms = 300000
	max.poll.records = 500
	metadata.max.age.ms = 300000
	metadata.recovery.strategy = none
	metric.reporters = []
	metrics.num.samples = 2
	metrics.recording.level = INFO
	metrics.sample.window.ms = 30000
	partition.assignment.strategy = [class org.apache.kafka.clients.consumer.RangeAssignor, class org.apache.kafka.clients.consumer.CooperativeStickyAssignor]
	receive.buffer.bytes = 65536
	reconnect.backoff.max.ms = 1000
	reconnect.backoff.ms = 50
	request.timeout.ms = 30000
	retry.backoff.max.ms = 1000
	retry.backoff.ms = 100
	sasl.client.callback.handler.class = null
	sasl.jaas.config = null
	sasl.kerberos.kinit.cmd = /usr/bin/kinit
	sasl.kerberos.min.time.before.relogin = 60000
	sasl.kerberos.service.name = null
	sasl.kerberos.ticket.renew.jitter = 0.05
	sasl.kerberos.ticket.renew.window.factor = 0.8
	sasl.login.callback.handler.class = null
	sasl.login.class = null
	sasl.login.connect.timeout.ms = null
	sasl.login.read.timeout.ms = null
	sasl.login.refresh.buffer.seconds = 300
	sasl.login.refresh.min.period.seconds = 60
	sasl.login.refresh.window.factor = 0.8
	sasl.login.refresh.window.jitter = 0.05
	sasl.login.retry.backoff.max.ms = 10000
	sasl.login.retry.backoff.ms = 100
	sasl.mechanism = GSSAPI
	sasl.oauthbearer.clock.skew.seconds = 30
	sasl.oauthbearer.expected.audience = null
	sasl.oauthbearer.expected.issuer = null
	sasl.oauthbearer.header.urlencode = false
	sasl.oauthbearer.jwks.endpoint.refresh.ms = 3600000
	sasl.oauthbearer.jwks.endpoint.retry.backoff.max.ms = 10000
	sasl.oauthbearer.jwks.endpoint.retry.backoff.ms = 100
	sasl.oauthbearer.jwks.endpoint.url = null
	sasl.oauthbearer.scope.claim.name = scope
	sasl.oauthbearer.sub.claim.name = sub
	sasl.oauthbearer.token.endpoint.url = null
	security.protocol = PLAINTEXT
	security.providers = null
	send.buffer.bytes = 131072
	session.timeout.ms = 45000
	socket.connection.setup.timeout.max.ms = 30000
	socket.connection.setup.timeout.ms = 10000
	ssl.cipher.suites = null
	ssl.enabled.protocols = [TLSv1.2, TLSv1.3]
	ssl.endpoint.identification.algorithm = https
	ssl.engine.factory.class = null
	ssl.key.password = null
	ssl.keymanager.algorithm = SunX509
	ssl.keystore.certificate.chain = null
	ssl.keystore.key = null
	ssl.keystore.location = null
	ssl.keystore.password = null
	ssl.keystore.type = JKS
	ssl.protocol = TLSv1.3
	ssl.provider = null
	ssl.secure.random.implementation = null
	ssl.trustmanager.algorithm = PKIX
	ssl.truststore.certificates = null
	ssl.truststore.location = null
	ssl.truststore.password = null
	ssl.truststore.type = JKS
	value.deserializer = class org.springframework.kafka.support.serializer.JsonDeserializer

2025-12-05 14:17:04 INFO  o.a.k.c.t.i.KafkaMetricsCollector - initializing Kafka metrics collector
2025-12-05 14:17:06 INFO  o.a.kafka.common.utils.AppInfoParser - Kafka version: 3.9.1
2025-12-05 14:17:06 INFO  o.a.kafka.common.utils.AppInfoParser - Kafka commitId: f745dfdcee2b9851
2025-12-05 14:17:06 INFO  o.a.kafka.common.utils.AppInfoParser - Kafka startTimeMs: 1764944226178
2025-12-05 14:17:06 INFO  o.a.k.c.c.i.ClassicKafkaConsumer - [Consumer clientId=consumer-normalizer-group-1, groupId=normalizer-group] Subscribed to topic(s): transactions
2025-12-05 14:17:06 INFO  o.a.k.c.consumer.ConsumerConfig - ConsumerConfig values: 
	allow.auto.create.topics = true
	auto.commit.interval.ms = 5000
	auto.include.jmx.reporter = true
	auto.offset.reset = latest
	bootstrap.servers = [kafka:9092]
	check.crcs = true
	client.dns.lookup = use_all_dns_ips
	client.id = consumer-normalizer-group-2
	client.rack = 
	connections.max.idle.ms = 540000
	default.api.timeout.ms = 60000
	enable.auto.commit = false
	enable.metrics.push = true
	exclude.internal.topics = true
	fetch.max.bytes = 52428800
	fetch.max.wait.ms = 500
	fetch.min.bytes = 1
	group.id = normalizer-group
	group.instance.id = null
	group.protocol = classic
	group.remote.assignor = null
	heartbeat.interval.ms = 3000
	interceptor.classes = []
	internal.leave.group.on.close = true
	internal.throw.on.fetch.stable.offset.unsupported = false
	isolation.level = read_uncommitted
	key.deserializer = class org.apache.kafka.common.serialization.StringDeserializer
	max.partition.fetch.bytes = 1048576
	max.poll.interval.ms = 300000
	max.poll.records = 500
	metadata.max.age.ms = 300000
	metadata.recovery.strategy = none
	metric.reporters = []
	metrics.num.samples = 2
	metrics.recording.level = INFO
	metrics.sample.window.ms = 30000
	partition.assignment.strategy = [class org.apache.kafka.clients.consumer.RangeAssignor, class org.apache.kafka.clients.consumer.CooperativeStickyAssignor]
	receive.buffer.bytes = 65536
	reconnect.backoff.max.ms = 1000
	reconnect.backoff.ms = 50
	request.timeout.ms = 30000
	retry.backoff.max.ms = 1000
	retry.backoff.ms = 100
	sasl.client.callback.handler.class = null
	sasl.jaas.config = null
	sasl.kerberos.kinit.cmd = /usr/bin/kinit
	sasl.kerberos.min.time.before.relogin = 60000
	sasl.kerberos.service.name = null
	sasl.kerberos.ticket.renew.jitter = 0.05
	sasl.kerberos.ticket.renew.window.factor = 0.8
	sasl.login.callback.handler.class = null
	sasl.login.class = null
	sasl.login.connect.timeout.ms = null
	sasl.login.read.timeout.ms = null
	sasl.login.refresh.buffer.seconds = 300
	sasl.login.refresh.min.period.seconds = 60
	sasl.login.refresh.window.factor = 0.8
	sasl.login.refresh.window.jitter = 0.05
	sasl.login.retry.backoff.max.ms = 10000
	sasl.login.retry.backoff.ms = 100
	sasl.mechanism = GSSAPI
	sasl.oauthbearer.clock.skew.seconds = 30
	sasl.oauthbearer.expected.audience = null
	sasl.oauthbearer.expected.issuer = null
	sasl.oauthbearer.header.urlencode = false
	sasl.oauthbearer.jwks.endpoint.refresh.ms = 3600000
	sasl.oauthbearer.jwks.endpoint.retry.backoff.max.ms = 10000
	sasl.oauthbearer.jwks.endpoint.retry.backoff.ms = 100
	sasl.oauthbearer.jwks.endpoint.url = null
	sasl.oauthbearer.scope.claim.name = scope
	sasl.oauthbearer.sub.claim.name = sub
	sasl.oauthbearer.token.endpoint.url = null
	security.protocol = PLAINTEXT
	security.providers = null
	send.buffer.bytes = 131072
	session.timeout.ms = 45000
	socket.connection.setup.timeout.max.ms = 30000
	socket.connection.setup.timeout.ms = 10000
	ssl.cipher.suites = null
	ssl.enabled.protocols = [TLSv1.2, TLSv1.3]
	ssl.endpoint.identification.algorithm = https
	ssl.engine.factory.class = null
	ssl.key.password = null
	ssl.keymanager.algorithm = SunX509
	ssl.keystore.certificate.chain = null
	ssl.keystore.key = null
	ssl.keystore.location = null
	ssl.keystore.password = null
	ssl.keystore.type = JKS
	ssl.protocol = TLSv1.3
	ssl.provider = null
	ssl.secure.random.implementation = null
	ssl.trustmanager.algorithm = PKIX
	ssl.truststore.certificates = null
	ssl.truststore.location = null
	ssl.truststore.password = null
	ssl.truststore.type = JKS
	value.deserializer = class org.springframework.kafka.support.serializer.JsonDeserializer

2025-12-05 14:17:06 INFO  o.a.k.c.t.i.KafkaMetricsCollector - initializing Kafka metrics collector
2025-12-05 14:17:06 INFO  o.a.kafka.common.utils.AppInfoParser - Kafka version: 3.9.1
2025-12-05 14:17:06 INFO  o.a.kafka.common.utils.AppInfoParser - Kafka commitId: f745dfdcee2b9851
2025-12-05 14:17:06 INFO  o.a.kafka.common.utils.AppInfoParser - Kafka startTimeMs: 1764944226561
2025-12-05 14:17:06 INFO  o.a.k.c.c.i.ClassicKafkaConsumer - [Consumer clientId=consumer-normalizer-group-2, groupId=normalizer-group] Subscribed to topic(s): raw-transactions
2025-12-05 14:17:06 INFO  c.P.U.n.NormalizerServiceApplication - Started NormalizerServiceApplication in 185.362 seconds (process running for 193.427)
2025-12-05 14:17:14 INFO  org.apache.kafka.clients.Metadata - [Consumer clientId=consumer-normalizer-group-2, groupId=normalizer-group] Cluster ID: w3TIzYtNT-qnAsjURzk2gQ
2025-12-05 14:17:14 INFO  org.apache.kafka.clients.Metadata - [Consumer clientId=consumer-normalizer-group-1, groupId=normalizer-group] Cluster ID: w3TIzYtNT-qnAsjURzk2gQ
2025-12-05 14:17:14 INFO  o.a.k.c.c.i.ConsumerCoordinator - [Consumer clientId=consumer-normalizer-group-2, groupId=normalizer-group] Discovered group coordinator kafka:9092 (id: 2147483646 rack: null)
2025-12-05 14:17:14 INFO  o.a.k.c.c.i.ConsumerCoordinator - [Consumer clientId=consumer-normalizer-group-1, groupId=normalizer-group] Discovered group coordinator kafka:9092 (id: 2147483646 rack: null)
2025-12-05 14:17:14 INFO  o.a.k.c.c.i.ConsumerCoordinator - [Consumer clientId=consumer-normalizer-group-2, groupId=normalizer-group] (Re-)joining group
2025-12-05 14:17:14 INFO  o.a.k.c.c.i.ConsumerCoordinator - [Consumer clientId=consumer-normalizer-group-1, groupId=normalizer-group] (Re-)joining group
2025-12-05 14:17:14 INFO  o.a.k.c.c.i.ConsumerCoordinator - [Consumer clientId=consumer-normalizer-group-2, groupId=normalizer-group] Request joining group due to: need to re-join with the given member-id: consumer-normalizer-group-2-3fe9ff38-a8c4-4f4c-b170-56b999d2b3e4
2025-12-05 14:17:14 INFO  o.a.k.c.c.i.ConsumerCoordinator - [Consumer clientId=consumer-normalizer-group-1, groupId=normalizer-group] Request joining group due to: need to re-join with the given member-id: consumer-normalizer-group-1-a5d4bc71-ed5a-400a-9ea8-02ce9dae0287
2025-12-05 14:17:14 INFO  o.a.k.c.c.i.ConsumerCoordinator - [Consumer clientId=consumer-normalizer-group-2, groupId=normalizer-group] (Re-)joining group
2025-12-05 14:17:14 INFO  o.a.k.c.c.i.ConsumerCoordinator - [Consumer clientId=consumer-normalizer-group-1, groupId=normalizer-group] (Re-)joining group
2025-12-05 14:17:17 INFO  o.a.k.c.c.i.ConsumerCoordinator - [Consumer clientId=consumer-normalizer-group-1, groupId=normalizer-group] Successfully joined group with generation Generation{generationId=7, memberId='consumer-normalizer-group-1-a5d4bc71-ed5a-400a-9ea8-02ce9dae0287', protocol='range'}
2025-12-05 14:17:17 INFO  o.a.k.c.c.i.ConsumerCoordinator - [Consumer clientId=consumer-normalizer-group-2, groupId=normalizer-group] Successfully joined group with generation Generation{generationId=7, memberId='consumer-normalizer-group-2-3fe9ff38-a8c4-4f4c-b170-56b999d2b3e4', protocol='range'}
2025-12-05 14:17:17 INFO  o.a.k.c.c.i.ConsumerCoordinator - [Consumer clientId=consumer-normalizer-group-2, groupId=normalizer-group] Finished assignment for group at generation 7: {consumer-normalizer-group-1-a5d4bc71-ed5a-400a-9ea8-02ce9dae0287=Assignment(partitions=[transactions-0]), consumer-normalizer-group-2-3fe9ff38-a8c4-4f4c-b170-56b999d2b3e4=Assignment(partitions=[raw-transactions-0])}
2025-12-05 14:17:18 INFO  o.a.k.c.c.i.ConsumerCoordinator - [Consumer clientId=consumer-normalizer-group-1, groupId=normalizer-group] Successfully synced group in generation Generation{generationId=7, memberId='consumer-normalizer-group-1-a5d4bc71-ed5a-400a-9ea8-02ce9dae0287', protocol='range'}
2025-12-05 14:17:18 INFO  o.a.k.c.c.i.ConsumerCoordinator - [Consumer clientId=consumer-normalizer-group-2, groupId=normalizer-group] Successfully synced group in generation Generation{generationId=7, memberId='consumer-normalizer-group-2-3fe9ff38-a8c4-4f4c-b170-56b999d2b3e4', protocol='range'}
2025-12-05 14:17:18 INFO  o.a.k.c.c.i.ConsumerCoordinator - [Consumer clientId=consumer-normalizer-group-2, groupId=normalizer-group] Notifying assignor about the new Assignment(partitions=[raw-transactions-0])
2025-12-05 14:17:18 INFO  o.a.k.c.c.i.ConsumerCoordinator - [Consumer clientId=consumer-normalizer-group-1, groupId=normalizer-group] Notifying assignor about the new Assignment(partitions=[transactions-0])
2025-12-05 14:17:18 INFO  o.a.k.c.c.i.ConsumerRebalanceListenerInvoker - [Consumer clientId=consumer-normalizer-group-2, groupId=normalizer-group] Adding newly assigned partitions: raw-transactions-0
2025-12-05 14:17:18 INFO  o.a.k.c.c.i.ConsumerRebalanceListenerInvoker - [Consumer clientId=consumer-normalizer-group-1, groupId=normalizer-group] Adding newly assigned partitions: transactions-0
2025-12-05 14:17:18 INFO  o.a.k.c.c.internals.ConsumerUtils - Setting offset for partition transactions-0 to the committed offset FetchPosition{offset=0, offsetEpoch=Optional.empty, currentLeader=LeaderAndEpoch{leader=Optional[kafka:9092 (id: 1 rack: null)], epoch=0}}
2025-12-05 14:17:18 INFO  o.a.k.c.c.internals.ConsumerUtils - Setting offset for partition raw-transactions-0 to the committed offset FetchPosition{offset=1, offsetEpoch=Optional.empty, currentLeader=LeaderAndEpoch{leader=Optional[kafka:9092 (id: 1 rack: null)], epoch=0}}
2025-12-05 14:17:18 INFO  o.s.k.l.KafkaMessageListenerContainer - normalizer-group: partitions assigned: [raw-transactions-0]
2025-12-05 14:17:18 INFO  o.s.k.l.KafkaMessageListenerContainer - normalizer-group: partitions assigned: [transactions-0]
2025-12-05 14:22:40 WARN  com.zaxxer.hikari.pool.PoolBase - HikariPool-1 - Failed to validate connection org.postgresql.jdbc.PgConnection@9ce092a (This connection has been closed.). Possibly consider using a shorter maxLifetime value.
2025-12-05 14:22:49 WARN  com.zaxxer.hikari.pool.PoolBase - HikariPool-1 - Failed to validate connection org.postgresql.jdbc.PgConnection@73d1ed7a (This connection has been closed.). Possibly consider using a shorter maxLifetime value.
2025-12-05 14:22:50 WARN  com.zaxxer.hikari.pool.PoolBase - HikariPool-1 - Failed to validate connection org.postgresql.jdbc.PgConnection@722a2ad7 (This connection has been closed.). Possibly consider using a shorter maxLifetime value.
2025-12-05 14:22:57 WARN  com.zaxxer.hikari.pool.PoolBase - HikariPool-1 - Failed to validate connection org.postgresql.jdbc.PgConnection@bd97436 (This connection has been closed.). Possibly consider using a shorter maxLifetime value.
2025-12-05 14:22:58 WARN  com.zaxxer.hikari.pool.PoolBase - HikariPool-1 - Failed to validate connection org.postgresql.jdbc.PgConnection@13def750 (This connection has been closed.). Possibly consider using a shorter maxLifetime value.
2025-12-05 14:23:11 WARN  com.zaxxer.hikari.pool.PoolBase - HikariPool-1 - Failed to validate connection org.postgresql.jdbc.PgConnection@30010b6e (This connection has been closed.). Possibly consider using a shorter maxLifetime value.
2025-12-05 14:23:22 WARN  com.zaxxer.hikari.pool.PoolBase - HikariPool-1 - Failed to validate connection org.postgresql.jdbc.PgConnection@78be0223 (This connection has been closed.). Possibly consider using a shorter maxLifetime value.
2025-12-05 14:23:25 WARN  com.zaxxer.hikari.pool.PoolBase - HikariPool-1 - Failed to validate connection org.postgresql.jdbc.PgConnection@24dc3c91 (This connection has been closed.). Possibly consider using a shorter maxLifetime value.
2025-12-05 14:23:35 WARN  com.zaxxer.hikari.pool.PoolBase - HikariPool-1 - Failed to validate connection org.postgresql.jdbc.PgConnection@19d44cc7 (This connection has been closed.). Possibly consider using a shorter maxLifetime value.
2025-12-05 14:23:53 WARN  com.zaxxer.hikari.pool.PoolBase - HikariPool-1 - Failed to validate connection org.postgresql.jdbc.PgConnection@7dd1a06f (This connection has been closed.). Possibly consider using a shorter maxLifetime value.
2025-12-05 14:24:04 INFO  o.a.c.c.C.[Tomcat].[localhost].[/] - Initializing Spring DispatcherServlet 'dispatcherServlet'
2025-12-05 14:24:04 INFO  o.s.web.servlet.DispatcherServlet - Initializing Servlet 'dispatcherServlet'
2025-12-05 14:24:04 INFO  o.s.web.servlet.DispatcherServlet - Completed initialization in 239 ms
2025-12-05 14:24:10 INFO  o.s.api.AbstractOpenApiResource - Init duration for springdoc-openapi is: 2181 ms
2025-12-05 14:33:06 INFO  o.s.b.d.a.LocalDevToolsAutoConfiguration$RestartingClassPathChangeChangedEventListener - Restarting due to 3 class path changes (0 additions, 0 deletions, 3 modifications)
2025-12-05 14:33:07 INFO  o.a.k.c.c.i.ConsumerRebalanceListenerInvoker - [Consumer clientId=consumer-normalizer-group-2, groupId=normalizer-group] Revoke previously assigned partitions raw-transactions-0
2025-12-05 14:33:07 INFO  o.a.k.c.c.i.ConsumerRebalanceListenerInvoker - [Consumer clientId=consumer-normalizer-group-1, groupId=normalizer-group] Revoke previously assigned partitions transactions-0
2025-12-05 14:33:07 INFO  o.s.k.l.KafkaMessageListenerContainer - normalizer-group: partitions revoked: [raw-transactions-0]
2025-12-05 14:33:07 INFO  o.s.k.l.KafkaMessageListenerContainer - normalizer-group: partitions revoked: [transactions-0]
2025-12-05 14:33:07 INFO  o.a.k.c.c.i.ConsumerCoordinator - [Consumer clientId=consumer-normalizer-group-2, groupId=normalizer-group] Member consumer-normalizer-group-2-3fe9ff38-a8c4-4f4c-b170-56b999d2b3e4 sending LeaveGroup request to coordinator kafka:9092 (id: 2147483646 rack: null) due to the consumer unsubscribed from all topics
2025-12-05 14:33:07 INFO  o.a.k.c.c.i.ConsumerCoordinator - [Consumer clientId=consumer-normalizer-group-1, groupId=normalizer-group] Member consumer-normalizer-group-1-a5d4bc71-ed5a-400a-9ea8-02ce9dae0287 sending LeaveGroup request to coordinator kafka:9092 (id: 2147483646 rack: null) due to the consumer unsubscribed from all topics
2025-12-05 14:33:07 INFO  o.a.k.c.c.i.ConsumerCoordinator - [Consumer clientId=consumer-normalizer-group-1, groupId=normalizer-group] Resetting generation and member id due to: consumer pro-actively leaving the group
2025-12-05 14:33:07 INFO  o.a.k.c.c.i.ConsumerCoordinator - [Consumer clientId=consumer-normalizer-group-2, groupId=normalizer-group] Resetting generation and member id due to: consumer pro-actively leaving the group
2025-12-05 14:33:07 INFO  o.a.k.c.c.i.ConsumerCoordinator - [Consumer clientId=consumer-normalizer-group-2, groupId=normalizer-group] Request joining group due to: consumer pro-actively leaving the group
2025-12-05 14:33:07 INFO  o.a.k.c.c.i.ConsumerCoordinator - [Consumer clientId=consumer-normalizer-group-1, groupId=normalizer-group] Request joining group due to: consumer pro-actively leaving the group
2025-12-05 14:33:07 INFO  o.a.k.c.c.i.ClassicKafkaConsumer - [Consumer clientId=consumer-normalizer-group-2, groupId=normalizer-group] Unsubscribed all topics or patterns and assigned partitions
2025-12-05 14:33:07 INFO  o.a.k.c.c.i.ClassicKafkaConsumer - [Consumer clientId=consumer-normalizer-group-1, groupId=normalizer-group] Unsubscribed all topics or patterns and assigned partitions
2025-12-05 14:33:08 INFO  o.a.k.c.c.i.ConsumerCoordinator - [Consumer clientId=consumer-normalizer-group-1, groupId=normalizer-group] Resetting generation and member id due to: consumer pro-actively leaving the group
2025-12-05 14:33:08 INFO  o.a.k.c.c.i.ConsumerCoordinator - [Consumer clientId=consumer-normalizer-group-2, groupId=normalizer-group] Resetting generation and member id due to: consumer pro-actively leaving the group
2025-12-05 14:33:08 INFO  o.a.k.c.c.i.ConsumerCoordinator - [Consumer clientId=consumer-normalizer-group-1, groupId=normalizer-group] Request joining group due to: consumer pro-actively leaving the group
2025-12-05 14:33:08 INFO  o.a.k.c.c.i.ConsumerCoordinator - [Consumer clientId=consumer-normalizer-group-2, groupId=normalizer-group] Request joining group due to: consumer pro-actively leaving the group
2025-12-05 14:33:08 INFO  o.a.kafka.common.metrics.Metrics - Metrics scheduler closed
2025-12-05 14:33:08 INFO  o.a.kafka.common.metrics.Metrics - Metrics scheduler closed
2025-12-05 14:33:08 INFO  o.a.kafka.common.metrics.Metrics - Closing reporter org.apache.kafka.common.metrics.JmxReporter
2025-12-05 14:33:08 INFO  o.a.kafka.common.metrics.Metrics - Closing reporter org.apache.kafka.common.metrics.JmxReporter
2025-12-05 14:33:08 INFO  o.a.kafka.common.metrics.Metrics - Closing reporter org.apache.kafka.common.telemetry.internals.ClientTelemetryReporter
2025-12-05 14:33:08 INFO  o.a.kafka.common.metrics.Metrics - Metrics reporters closed
2025-12-05 14:33:08 INFO  o.a.kafka.common.metrics.Metrics - Closing reporter org.apache.kafka.common.telemetry.internals.ClientTelemetryReporter
2025-12-05 14:33:08 INFO  o.a.kafka.common.metrics.Metrics - Metrics reporters closed
2025-12-05 14:33:08 INFO  o.a.kafka.common.utils.AppInfoParser - App info kafka.consumer for consumer-normalizer-group-1 unregistered
2025-12-05 14:33:08 INFO  o.a.kafka.common.utils.AppInfoParser - App info kafka.consumer for consumer-normalizer-group-2 unregistered
2025-12-05 14:33:08 INFO  o.s.k.l.KafkaMessageListenerContainer - normalizer-group: Consumer stopped
2025-12-05 14:33:08 INFO  o.s.k.l.KafkaMessageListenerContainer - normalizer-group: Consumer stopped
2025-12-05 14:33:08 INFO  o.s.b.w.e.tomcat.GracefulShutdown - Commencing graceful shutdown. Waiting for active requests to complete
2025-12-05 14:33:09 INFO  o.a.coyote.http11.Http11NioProtocol - Pausing ProtocolHandler ["http-nio-8083"]
2025-12-05 14:33:09 INFO  o.s.b.w.e.tomcat.GracefulShutdown - Graceful shutdown complete
2025-12-05 14:33:09 INFO  o.a.coyote.http11.Http11NioProtocol - Stopping ProtocolHandler ["http-nio-8083"]
2025-12-05 14:33:09 INFO  o.s.o.j.LocalContainerEntityManagerFactoryBean - Closing JPA EntityManagerFactory for persistence unit 'default'
2025-12-05 14:33:09 INFO  com.zaxxer.hikari.HikariDataSource - HikariPool-1 - Shutdown initiated...
2025-12-05 14:33:09 INFO  com.zaxxer.hikari.HikariDataSource - HikariPool-1 - Shutdown completed.
2025-12-05 14:33:13 INFO  c.P.U.n.NormalizerServiceApplication - Starting NormalizerServiceApplication using Java 17.0.17 with PID 57 (/app/target/classes started by root in /app)
2025-12-05 14:33:13 INFO  c.P.U.n.NormalizerServiceApplication - No active profile set, falling back to 1 default profile: "default"
2025-12-05 14:33:19 INFO  o.s.d.r.c.RepositoryConfigurationDelegate - Bootstrapping Spring Data JPA repositories in DEFAULT mode.
2025-12-05 14:33:19 INFO  o.s.d.r.c.RepositoryConfigurationDelegate - Finished Spring Data repository scanning in 279 ms. Found 1 JPA repository interface.
2025-12-05 14:33:20 INFO  o.s.b.w.e.tomcat.TomcatWebServer - Tomcat initialized with port 8083 (http)
2025-12-05 14:33:20 INFO  o.a.coyote.http11.Http11NioProtocol - Initializing ProtocolHandler ["http-nio-8083"]
2025-12-05 14:33:20 INFO  o.a.catalina.core.StandardService - Starting service [Tomcat]
2025-12-05 14:33:20 INFO  o.a.catalina.core.StandardEngine - Starting Servlet engine: [Apache Tomcat/10.1.42]
2025-12-05 14:33:20 INFO  o.a.c.c.C.[Tomcat].[localhost].[/] - Initializing Spring embedded WebApplicationContext
2025-12-05 14:33:20 INFO  o.s.b.w.s.c.ServletWebServerApplicationContext - Root WebApplicationContext: initialization completed in 7118 ms
2025-12-05 14:33:20 INFO  o.h.jpa.internal.util.LogHelper - HHH000204: Processing PersistenceUnitInfo [name: default]
2025-12-05 14:33:20 INFO  o.h.c.i.RegionFactoryInitiator - HHH000026: Second-level cache disabled
2025-12-05 14:33:20 INFO  o.s.o.j.p.SpringPersistenceUnitInfo - No LoadTimeWeaver setup: ignoring JPA class transformer
2025-12-05 14:33:20 INFO  com.zaxxer.hikari.HikariDataSource - HikariPool-2 - Starting...
2025-12-05 14:33:21 INFO  com.zaxxer.hikari.pool.HikariPool - HikariPool-2 - Added connection org.postgresql.jdbc.PgConnection@37df1273
2025-12-05 14:33:21 INFO  com.zaxxer.hikari.HikariDataSource - HikariPool-2 - Start completed.
2025-12-05 14:33:21 WARN  org.hibernate.orm.deprecation - HHH90000025: PostgreSQLDialect does not need to be specified explicitly using 'hibernate.dialect' (remove the property setting and it will be selected by default)
2025-12-05 14:33:21 INFO  o.hibernate.orm.connections.pooling - HHH10001005: Database info:
	Database JDBC URL [Connecting through datasource 'HikariDataSource (HikariPool-2)']
	Database driver: undefined/unknown
	Database version: 15.13
	Autocommit mode: undefined/unknown
	Isolation level: undefined/unknown
	Minimum pool size: undefined/unknown
	Maximum pool size: undefined/unknown
2025-12-05 14:33:22 INFO  o.h.e.t.j.p.i.JtaPlatformInitiator - HHH000489: No JTA platform available (set 'hibernate.transaction.jta.platform' to enable JTA platform integration)
2025-12-05 14:33:22 INFO  o.s.o.j.LocalContainerEntityManagerFactoryBean - Initialized JPA EntityManagerFactory for persistence unit 'default'
2025-12-05 14:33:24 WARN  o.s.b.a.o.j.JpaBaseConfiguration$JpaWebConfiguration - spring.jpa.open-in-view is enabled by default. Therefore, database queries may be performed during view rendering. Explicitly configure spring.jpa.open-in-view to disable this warning
2025-12-05 14:33:35 INFO  o.s.b.d.a.OptionalLiveReloadServer - LiveReload server is running on port 35729
2025-12-05 14:33:35 INFO  o.a.coyote.http11.Http11NioProtocol - Starting ProtocolHandler ["http-nio-8083"]
2025-12-05 14:33:35 INFO  o.s.b.w.e.tomcat.TomcatWebServer - Tomcat started on port 8083 (http) with context path '/'
2025-12-05 14:33:35 INFO  o.a.k.c.consumer.ConsumerConfig - ConsumerConfig values: 
	allow.auto.create.topics = true
	auto.commit.interval.ms = 5000
	auto.include.jmx.reporter = true
	auto.offset.reset = latest
	bootstrap.servers = [kafka:9092]
	check.crcs = true
	client.dns.lookup = use_all_dns_ips
	client.id = consumer-normalizer-group-3
	client.rack = 
	connections.max.idle.ms = 540000
	default.api.timeout.ms = 60000
	enable.auto.commit = false
	enable.metrics.push = true
	exclude.internal.topics = true
	fetch.max.bytes = 52428800
	fetch.max.wait.ms = 500
	fetch.min.bytes = 1
	group.id = normalizer-group
	group.instance.id = null
	group.protocol = classic
	group.remote.assignor = null
	heartbeat.interval.ms = 3000
	interceptor.classes = []
	internal.leave.group.on.close = true
	internal.throw.on.fetch.stable.offset.unsupported = false
	isolation.level = read_uncommitted
	key.deserializer = class org.apache.kafka.common.serialization.StringDeserializer
	max.partition.fetch.bytes = 1048576
	max.poll.interval.ms = 300000
	max.poll.records = 500
	metadata.max.age.ms = 300000
	metadata.recovery.strategy = none
	metric.reporters = []
	metrics.num.samples = 2
	metrics.recording.level = INFO
	metrics.sample.window.ms = 30000
	partition.assignment.strategy = [class org.apache.kafka.clients.consumer.RangeAssignor, class org.apache.kafka.clients.consumer.CooperativeStickyAssignor]
	receive.buffer.bytes = 65536
	reconnect.backoff.max.ms = 1000
	reconnect.backoff.ms = 50
	request.timeout.ms = 30000
	retry.backoff.max.ms = 1000
	retry.backoff.ms = 100
	sasl.client.callback.handler.class = null
	sasl.jaas.config = null
	sasl.kerberos.kinit.cmd = /usr/bin/kinit
	sasl.kerberos.min.time.before.relogin = 60000
	sasl.kerberos.service.name = null
	sasl.kerberos.ticket.renew.jitter = 0.05
	sasl.kerberos.ticket.renew.window.factor = 0.8
	sasl.login.callback.handler.class = null
	sasl.login.class = null
	sasl.login.connect.timeout.ms = null
	sasl.login.read.timeout.ms = null
	sasl.login.refresh.buffer.seconds = 300
	sasl.login.refresh.min.period.seconds = 60
	sasl.login.refresh.window.factor = 0.8
	sasl.login.refresh.window.jitter = 0.05
	sasl.login.retry.backoff.max.ms = 10000
	sasl.login.retry.backoff.ms = 100
	sasl.mechanism = GSSAPI
	sasl.oauthbearer.clock.skew.seconds = 30
	sasl.oauthbearer.expected.audience = null
	sasl.oauthbearer.expected.issuer = null
	sasl.oauthbearer.header.urlencode = false
	sasl.oauthbearer.jwks.endpoint.refresh.ms = 3600000
	sasl.oauthbearer.jwks.endpoint.retry.backoff.max.ms = 10000
	sasl.oauthbearer.jwks.endpoint.retry.backoff.ms = 100
	sasl.oauthbearer.jwks.endpoint.url = null
	sasl.oauthbearer.scope.claim.name = scope
	sasl.oauthbearer.sub.claim.name = sub
	sasl.oauthbearer.token.endpoint.url = null
	security.protocol = PLAINTEXT
	security.providers = null
	send.buffer.bytes = 131072
	session.timeout.ms = 45000
	socket.connection.setup.timeout.max.ms = 30000
	socket.connection.setup.timeout.ms = 10000
	ssl.cipher.suites = null
	ssl.enabled.protocols = [TLSv1.2, TLSv1.3]
	ssl.endpoint.identification.algorithm = https
	ssl.engine.factory.class = null
	ssl.key.password = null
	ssl.keymanager.algorithm = SunX509
	ssl.keystore.certificate.chain = null
	ssl.keystore.key = null
	ssl.keystore.location = null
	ssl.keystore.password = null
	ssl.keystore.type = JKS
	ssl.protocol = TLSv1.3
	ssl.provider = null
	ssl.secure.random.implementation = null
	ssl.trustmanager.algorithm = PKIX
	ssl.truststore.certificates = null
	ssl.truststore.location = null
	ssl.truststore.password = null
	ssl.truststore.type = JKS
	value.deserializer = class org.springframework.kafka.support.serializer.JsonDeserializer

2025-12-05 14:33:35 INFO  o.a.k.c.t.i.KafkaMetricsCollector - initializing Kafka metrics collector
2025-12-05 14:33:35 INFO  o.a.kafka.common.utils.AppInfoParser - Kafka version: 3.9.1
2025-12-05 14:33:35 INFO  o.a.kafka.common.utils.AppInfoParser - Kafka commitId: f745dfdcee2b9851
2025-12-05 14:33:35 INFO  o.a.kafka.common.utils.AppInfoParser - Kafka startTimeMs: 1764945215816
2025-12-05 14:33:35 INFO  o.a.k.c.c.i.ClassicKafkaConsumer - [Consumer clientId=consumer-normalizer-group-3, groupId=normalizer-group] Subscribed to topic(s): transactions
2025-12-05 14:33:35 INFO  o.a.k.c.consumer.ConsumerConfig - ConsumerConfig values: 
	allow.auto.create.topics = true
	auto.commit.interval.ms = 5000
	auto.include.jmx.reporter = true
	auto.offset.reset = latest
	bootstrap.servers = [kafka:9092]
	check.crcs = true
	client.dns.lookup = use_all_dns_ips
	client.id = consumer-normalizer-group-4
	client.rack = 
	connections.max.idle.ms = 540000
	default.api.timeout.ms = 60000
	enable.auto.commit = false
	enable.metrics.push = true
	exclude.internal.topics = true
	fetch.max.bytes = 52428800
	fetch.max.wait.ms = 500
	fetch.min.bytes = 1
	group.id = normalizer-group
	group.instance.id = null
	group.protocol = classic
	group.remote.assignor = null
	heartbeat.interval.ms = 3000
	interceptor.classes = []
	internal.leave.group.on.close = true
	internal.throw.on.fetch.stable.offset.unsupported = false
	isolation.level = read_uncommitted
	key.deserializer = class org.apache.kafka.common.serialization.StringDeserializer
	max.partition.fetch.bytes = 1048576
	max.poll.interval.ms = 300000
	max.poll.records = 500
	metadata.max.age.ms = 300000
	metadata.recovery.strategy = none
	metric.reporters = []
	metrics.num.samples = 2
	metrics.recording.level = INFO
	metrics.sample.window.ms = 30000
	partition.assignment.strategy = [class org.apache.kafka.clients.consumer.RangeAssignor, class org.apache.kafka.clients.consumer.CooperativeStickyAssignor]
	receive.buffer.bytes = 65536
	reconnect.backoff.max.ms = 1000
	reconnect.backoff.ms = 50
	request.timeout.ms = 30000
	retry.backoff.max.ms = 1000
	retry.backoff.ms = 100
	sasl.client.callback.handler.class = null
	sasl.jaas.config = null
	sasl.kerberos.kinit.cmd = /usr/bin/kinit
	sasl.kerberos.min.time.before.relogin = 60000
	sasl.kerberos.service.name = null
	sasl.kerberos.ticket.renew.jitter = 0.05
	sasl.kerberos.ticket.renew.window.factor = 0.8
	sasl.login.callback.handler.class = null
	sasl.login.class = null
	sasl.login.connect.timeout.ms = null
	sasl.login.read.timeout.ms = null
	sasl.login.refresh.buffer.seconds = 300
	sasl.login.refresh.min.period.seconds = 60
	sasl.login.refresh.window.factor = 0.8
	sasl.login.refresh.window.jitter = 0.05
	sasl.login.retry.backoff.max.ms = 10000
	sasl.login.retry.backoff.ms = 100
	sasl.mechanism = GSSAPI
	sasl.oauthbearer.clock.skew.seconds = 30
	sasl.oauthbearer.expected.audience = null
	sasl.oauthbearer.expected.issuer = null
	sasl.oauthbearer.header.urlencode = false
	sasl.oauthbearer.jwks.endpoint.refresh.ms = 3600000
	sasl.oauthbearer.jwks.endpoint.retry.backoff.max.ms = 10000
	sasl.oauthbearer.jwks.endpoint.retry.backoff.ms = 100
	sasl.oauthbearer.jwks.endpoint.url = null
	sasl.oauthbearer.scope.claim.name = scope
	sasl.oauthbearer.sub.claim.name = sub
	sasl.oauthbearer.token.endpoint.url = null
	security.protocol = PLAINTEXT
	security.providers = null
	send.buffer.bytes = 131072
	session.timeout.ms = 45000
	socket.connection.setup.timeout.max.ms = 30000
	socket.connection.setup.timeout.ms = 10000
	ssl.cipher.suites = null
	ssl.enabled.protocols = [TLSv1.2, TLSv1.3]
	ssl.endpoint.identification.algorithm = https
	ssl.engine.factory.class = null
	ssl.key.password = null
	ssl.keymanager.algorithm = SunX509
	ssl.keystore.certificate.chain = null
	ssl.keystore.key = null
	ssl.keystore.location = null
	ssl.keystore.password = null
	ssl.keystore.type = JKS
	ssl.protocol = TLSv1.3
	ssl.provider = null
	ssl.secure.random.implementation = null
	ssl.trustmanager.algorithm = PKIX
	ssl.truststore.certificates = null
	ssl.truststore.location = null
	ssl.truststore.password = null
	ssl.truststore.type = JKS
	value.deserializer = class org.springframework.kafka.support.serializer.JsonDeserializer

2025-12-05 14:33:35 INFO  o.a.k.c.t.i.KafkaMetricsCollector - initializing Kafka metrics collector
2025-12-05 14:33:35 INFO  o.a.kafka.common.utils.AppInfoParser - Kafka version: 3.9.1
2025-12-05 14:33:35 INFO  o.a.kafka.common.utils.AppInfoParser - Kafka commitId: f745dfdcee2b9851
2025-12-05 14:33:35 INFO  o.a.kafka.common.utils.AppInfoParser - Kafka startTimeMs: 1764945215860
2025-12-05 14:33:35 INFO  o.a.k.c.c.i.ClassicKafkaConsumer - [Consumer clientId=consumer-normalizer-group-4, groupId=normalizer-group] Subscribed to topic(s): raw-transactions
2025-12-05 14:33:35 INFO  c.P.U.n.NormalizerServiceApplication - Started NormalizerServiceApplication in 23.643 seconds (process running for 1182.795)
2025-12-05 14:33:35 INFO  o.s.b.d.a.ConditionEvaluationDeltaLoggingListener - Condition evaluation unchanged
2025-12-05 14:33:35 INFO  org.apache.kafka.clients.Metadata - [Consumer clientId=consumer-normalizer-group-3, groupId=normalizer-group] Cluster ID: w3TIzYtNT-qnAsjURzk2gQ
2025-12-05 14:33:35 INFO  org.apache.kafka.clients.Metadata - [Consumer clientId=consumer-normalizer-group-4, groupId=normalizer-group] Cluster ID: w3TIzYtNT-qnAsjURzk2gQ
2025-12-05 14:33:35 INFO  o.a.k.c.c.i.ConsumerCoordinator - [Consumer clientId=consumer-normalizer-group-3, groupId=normalizer-group] Discovered group coordinator kafka:9092 (id: 2147483646 rack: null)
2025-12-05 14:33:35 INFO  o.a.k.c.c.i.ConsumerCoordinator - [Consumer clientId=consumer-normalizer-group-4, groupId=normalizer-group] Discovered group coordinator kafka:9092 (id: 2147483646 rack: null)
2025-12-05 14:33:35 INFO  o.a.k.c.c.i.ConsumerCoordinator - [Consumer clientId=consumer-normalizer-group-3, groupId=normalizer-group] (Re-)joining group
2025-12-05 14:33:35 INFO  o.a.k.c.c.i.ConsumerCoordinator - [Consumer clientId=consumer-normalizer-group-4, groupId=normalizer-group] (Re-)joining group
2025-12-05 14:33:36 INFO  o.a.k.c.c.i.ConsumerCoordinator - [Consumer clientId=consumer-normalizer-group-3, groupId=normalizer-group] Request joining group due to: need to re-join with the given member-id: consumer-normalizer-group-3-d95128d3-3f67-4a7c-8da7-160154c370d3
2025-12-05 14:33:36 INFO  o.a.k.c.c.i.ConsumerCoordinator - [Consumer clientId=consumer-normalizer-group-4, groupId=normalizer-group] Request joining group due to: need to re-join with the given member-id: consumer-normalizer-group-4-917bae36-32a3-4544-95b2-837e9ab55c9a
2025-12-05 14:33:36 INFO  o.a.k.c.c.i.ConsumerCoordinator - [Consumer clientId=consumer-normalizer-group-3, groupId=normalizer-group] (Re-)joining group
2025-12-05 14:33:36 INFO  o.a.k.c.c.i.ConsumerCoordinator - [Consumer clientId=consumer-normalizer-group-4, groupId=normalizer-group] (Re-)joining group
2025-12-05 14:33:39 INFO  o.a.k.c.c.i.ConsumerCoordinator - [Consumer clientId=consumer-normalizer-group-3, groupId=normalizer-group] Successfully joined group with generation Generation{generationId=9, memberId='consumer-normalizer-group-3-d95128d3-3f67-4a7c-8da7-160154c370d3', protocol='range'}
2025-12-05 14:33:39 INFO  o.a.k.c.c.i.ConsumerCoordinator - [Consumer clientId=consumer-normalizer-group-4, groupId=normalizer-group] Successfully joined group with generation Generation{generationId=9, memberId='consumer-normalizer-group-4-917bae36-32a3-4544-95b2-837e9ab55c9a', protocol='range'}
2025-12-05 14:33:39 INFO  o.a.k.c.c.i.ConsumerCoordinator - [Consumer clientId=consumer-normalizer-group-4, groupId=normalizer-group] Finished assignment for group at generation 9: {consumer-normalizer-group-3-d95128d3-3f67-4a7c-8da7-160154c370d3=Assignment(partitions=[transactions-0]), consumer-normalizer-group-4-917bae36-32a3-4544-95b2-837e9ab55c9a=Assignment(partitions=[raw-transactions-0])}
2025-12-05 14:33:39 INFO  o.a.k.c.c.i.ConsumerCoordinator - [Consumer clientId=consumer-normalizer-group-3, groupId=normalizer-group] Successfully synced group in generation Generation{generationId=9, memberId='consumer-normalizer-group-3-d95128d3-3f67-4a7c-8da7-160154c370d3', protocol='range'}
2025-12-05 14:33:39 INFO  o.a.k.c.c.i.ConsumerCoordinator - [Consumer clientId=consumer-normalizer-group-4, groupId=normalizer-group] Successfully synced group in generation Generation{generationId=9, memberId='consumer-normalizer-group-4-917bae36-32a3-4544-95b2-837e9ab55c9a', protocol='range'}
2025-12-05 14:33:39 INFO  o.a.k.c.c.i.ConsumerCoordinator - [Consumer clientId=consumer-normalizer-group-3, groupId=normalizer-group] Notifying assignor about the new Assignment(partitions=[transactions-0])
2025-12-05 14:33:39 INFO  o.a.k.c.c.i.ConsumerCoordinator - [Consumer clientId=consumer-normalizer-group-4, groupId=normalizer-group] Notifying assignor about the new Assignment(partitions=[raw-transactions-0])
2025-12-05 14:33:39 INFO  o.a.k.c.c.i.ConsumerRebalanceListenerInvoker - [Consumer clientId=consumer-normalizer-group-3, groupId=normalizer-group] Adding newly assigned partitions: transactions-0
2025-12-05 14:33:39 INFO  o.a.k.c.c.i.ConsumerRebalanceListenerInvoker - [Consumer clientId=consumer-normalizer-group-4, groupId=normalizer-group] Adding newly assigned partitions: raw-transactions-0
2025-12-05 14:33:39 INFO  o.a.k.c.c.internals.ConsumerUtils - Setting offset for partition transactions-0 to the committed offset FetchPosition{offset=0, offsetEpoch=Optional.empty, currentLeader=LeaderAndEpoch{leader=Optional[kafka:9092 (id: 1 rack: null)], epoch=0}}
2025-12-05 14:33:39 INFO  o.a.k.c.c.internals.ConsumerUtils - Setting offset for partition raw-transactions-0 to the committed offset FetchPosition{offset=1, offsetEpoch=Optional.empty, currentLeader=LeaderAndEpoch{leader=Optional[kafka:9092 (id: 1 rack: null)], epoch=0}}
2025-12-05 14:33:39 INFO  o.s.k.l.KafkaMessageListenerContainer - normalizer-group: partitions assigned: [transactions-0]
2025-12-05 14:33:39 INFO  o.s.k.l.KafkaMessageListenerContainer - normalizer-group: partitions assigned: [raw-transactions-0]
2025-12-05 14:34:34 INFO  o.s.b.d.a.LocalDevToolsAutoConfiguration$RestartingClassPathChangeChangedEventListener - Restarting due to 20 class path changes (0 additions, 0 deletions, 20 modifications)
2025-12-05 14:34:34 INFO  o.a.k.c.c.i.ConsumerRebalanceListenerInvoker - [Consumer clientId=consumer-normalizer-group-3, groupId=normalizer-group] Revoke previously assigned partitions transactions-0
2025-12-05 14:34:34 INFO  o.a.k.c.c.i.ConsumerRebalanceListenerInvoker - [Consumer clientId=consumer-normalizer-group-4, groupId=normalizer-group] Revoke previously assigned partitions raw-transactions-0
2025-12-05 14:34:34 INFO  o.s.k.l.KafkaMessageListenerContainer - normalizer-group: partitions revoked: [transactions-0]
2025-12-05 14:34:34 INFO  o.s.k.l.KafkaMessageListenerContainer - normalizer-group: partitions revoked: [raw-transactions-0]
2025-12-05 14:34:34 INFO  o.a.k.c.c.i.ConsumerCoordinator - [Consumer clientId=consumer-normalizer-group-3, groupId=normalizer-group] Member consumer-normalizer-group-3-d95128d3-3f67-4a7c-8da7-160154c370d3 sending LeaveGroup request to coordinator kafka:9092 (id: 2147483646 rack: null) due to the consumer unsubscribed from all topics
2025-12-05 14:34:34 INFO  o.a.k.c.c.i.ConsumerCoordinator - [Consumer clientId=consumer-normalizer-group-4, groupId=normalizer-group] Member consumer-normalizer-group-4-917bae36-32a3-4544-95b2-837e9ab55c9a sending LeaveGroup request to coordinator kafka:9092 (id: 2147483646 rack: null) due to the consumer unsubscribed from all topics
2025-12-05 14:34:34 INFO  o.a.k.c.c.i.ConsumerCoordinator - [Consumer clientId=consumer-normalizer-group-3, groupId=normalizer-group] Resetting generation and member id due to: consumer pro-actively leaving the group
2025-12-05 14:34:34 INFO  o.a.k.c.c.i.ConsumerCoordinator - [Consumer clientId=consumer-normalizer-group-4, groupId=normalizer-group] Resetting generation and member id due to: consumer pro-actively leaving the group
2025-12-05 14:34:34 INFO  o.a.k.c.c.i.ConsumerCoordinator - [Consumer clientId=consumer-normalizer-group-3, groupId=normalizer-group] Request joining group due to: consumer pro-actively leaving the group
2025-12-05 14:34:34 INFO  o.a.k.c.c.i.ClassicKafkaConsumer - [Consumer clientId=consumer-normalizer-group-3, groupId=normalizer-group] Unsubscribed all topics or patterns and assigned partitions
2025-12-05 14:34:34 INFO  o.a.k.c.c.i.ConsumerCoordinator - [Consumer clientId=consumer-normalizer-group-4, groupId=normalizer-group] Request joining group due to: consumer pro-actively leaving the group
2025-12-05 14:34:34 INFO  o.a.k.c.c.i.ClassicKafkaConsumer - [Consumer clientId=consumer-normalizer-group-4, groupId=normalizer-group] Unsubscribed all topics or patterns and assigned partitions
2025-12-05 14:34:34 INFO  o.a.k.c.c.i.ConsumerCoordinator - [Consumer clientId=consumer-normalizer-group-3, groupId=normalizer-group] Resetting generation and member id due to: consumer pro-actively leaving the group
2025-12-05 14:34:34 INFO  o.a.k.c.c.i.ConsumerCoordinator - [Consumer clientId=consumer-normalizer-group-4, groupId=normalizer-group] Resetting generation and member id due to: consumer pro-actively leaving the group
2025-12-05 14:34:34 INFO  o.a.k.c.c.i.ConsumerCoordinator - [Consumer clientId=consumer-normalizer-group-3, groupId=normalizer-group] Request joining group due to: consumer pro-actively leaving the group
2025-12-05 14:34:34 INFO  o.a.k.c.c.i.ConsumerCoordinator - [Consumer clientId=consumer-normalizer-group-4, groupId=normalizer-group] Request joining group due to: consumer pro-actively leaving the group
2025-12-05 14:34:34 INFO  o.a.kafka.common.metrics.Metrics - Metrics scheduler closed
2025-12-05 14:34:34 INFO  o.a.kafka.common.metrics.Metrics - Closing reporter org.apache.kafka.common.metrics.JmxReporter
2025-12-05 14:34:34 INFO  o.a.kafka.common.metrics.Metrics - Closing reporter org.apache.kafka.common.telemetry.internals.ClientTelemetryReporter
2025-12-05 14:34:34 INFO  o.a.kafka.common.metrics.Metrics - Metrics reporters closed
2025-12-05 14:34:34 INFO  o.a.kafka.common.utils.AppInfoParser - App info kafka.consumer for consumer-normalizer-group-3 unregistered
2025-12-05 14:34:34 INFO  o.s.k.l.KafkaMessageListenerContainer - normalizer-group: Consumer stopped
2025-12-05 14:34:34 INFO  o.a.kafka.common.metrics.Metrics - Metrics scheduler closed
2025-12-05 14:34:34 INFO  o.a.kafka.common.metrics.Metrics - Closing reporter org.apache.kafka.common.metrics.JmxReporter
2025-12-05 14:34:34 INFO  o.a.kafka.common.metrics.Metrics - Closing reporter org.apache.kafka.common.telemetry.internals.ClientTelemetryReporter
2025-12-05 14:34:34 INFO  o.a.kafka.common.metrics.Metrics - Metrics reporters closed
2025-12-05 14:34:34 INFO  o.a.kafka.common.utils.AppInfoParser - App info kafka.consumer for consumer-normalizer-group-4 unregistered
2025-12-05 14:34:34 INFO  o.s.k.l.KafkaMessageListenerContainer - normalizer-group: Consumer stopped
2025-12-05 14:34:34 INFO  o.s.b.w.e.tomcat.GracefulShutdown - Commencing graceful shutdown. Waiting for active requests to complete
2025-12-05 14:34:34 INFO  o.a.coyote.http11.Http11NioProtocol - Pausing ProtocolHandler ["http-nio-8083"]
2025-12-05 14:34:34 INFO  o.s.b.w.e.tomcat.GracefulShutdown - Graceful shutdown complete
2025-12-05 14:34:34 INFO  o.a.coyote.http11.Http11NioProtocol - Stopping ProtocolHandler ["http-nio-8083"]
2025-12-05 14:34:34 INFO  o.s.o.j.LocalContainerEntityManagerFactoryBean - Closing JPA EntityManagerFactory for persistence unit 'default'
2025-12-05 14:34:34 INFO  com.zaxxer.hikari.HikariDataSource - HikariPool-2 - Shutdown initiated...
2025-12-05 14:34:34 INFO  com.zaxxer.hikari.HikariDataSource - HikariPool-2 - Shutdown completed.
2025-12-05 14:34:37 INFO  c.P.U.n.NormalizerServiceApplication - Starting NormalizerServiceApplication using Java 17.0.17 with PID 57 (/app/target/classes started by root in /app)
2025-12-05 14:34:37 INFO  c.P.U.n.NormalizerServiceApplication - No active profile set, falling back to 1 default profile: "default"
2025-12-05 14:34:45 INFO  o.s.d.r.c.RepositoryConfigurationDelegate - Bootstrapping Spring Data JPA repositories in DEFAULT mode.
2025-12-05 14:34:47 INFO  o.s.d.r.c.RepositoryConfigurationDelegate - Finished Spring Data repository scanning in 1790 ms. Found 1 JPA repository interface.
2025-12-05 14:34:50 INFO  o.s.b.w.e.tomcat.TomcatWebServer - Tomcat initialized with port 8083 (http)
2025-12-05 14:34:50 INFO  o.a.coyote.http11.Http11NioProtocol - Initializing ProtocolHandler ["http-nio-8083"]
2025-12-05 14:34:50 INFO  o.a.catalina.core.StandardService - Starting service [Tomcat]
2025-12-05 14:34:50 INFO  o.a.catalina.core.StandardEngine - Starting Servlet engine: [Apache Tomcat/10.1.42]
2025-12-05 14:34:52 INFO  o.a.c.c.C.[Tomcat].[localhost].[/] - Initializing Spring embedded WebApplicationContext
2025-12-05 14:34:52 INFO  o.s.b.w.s.c.ServletWebServerApplicationContext - Root WebApplicationContext: initialization completed in 15351 ms
2025-12-05 14:34:55 INFO  o.h.jpa.internal.util.LogHelper - HHH000204: Processing PersistenceUnitInfo [name: default]
2025-12-05 14:34:57 INFO  o.h.c.i.RegionFactoryInitiator - HHH000026: Second-level cache disabled
2025-12-05 14:34:58 INFO  o.s.o.j.p.SpringPersistenceUnitInfo - No LoadTimeWeaver setup: ignoring JPA class transformer
2025-12-05 14:34:58 INFO  com.zaxxer.hikari.HikariDataSource - HikariPool-3 - Starting...
2025-12-05 14:34:58 INFO  com.zaxxer.hikari.pool.HikariPool - HikariPool-3 - Added connection org.postgresql.jdbc.PgConnection@4a2ab11a
2025-12-05 14:34:58 INFO  com.zaxxer.hikari.HikariDataSource - HikariPool-3 - Start completed.
2025-12-05 14:34:58 WARN  org.hibernate.orm.deprecation - HHH90000025: PostgreSQLDialect does not need to be specified explicitly using 'hibernate.dialect' (remove the property setting and it will be selected by default)
2025-12-05 14:34:58 INFO  o.hibernate.orm.connections.pooling - HHH10001005: Database info:
	Database JDBC URL [Connecting through datasource 'HikariDataSource (HikariPool-3)']
	Database driver: undefined/unknown
	Database version: 15.13
	Autocommit mode: undefined/unknown
	Isolation level: undefined/unknown
	Minimum pool size: undefined/unknown
	Maximum pool size: undefined/unknown
2025-12-05 14:35:00 INFO  o.h.e.t.j.p.i.JtaPlatformInitiator - HHH000489: No JTA platform available (set 'hibernate.transaction.jta.platform' to enable JTA platform integration)
2025-12-05 14:35:00 INFO  o.s.o.j.LocalContainerEntityManagerFactoryBean - Initialized JPA EntityManagerFactory for persistence unit 'default'
2025-12-05 14:35:01 WARN  o.s.b.a.o.j.JpaBaseConfiguration$JpaWebConfiguration - spring.jpa.open-in-view is enabled by default. Therefore, database queries may be performed during view rendering. Explicitly configure spring.jpa.open-in-view to disable this warning
2025-12-05 14:35:07 INFO  o.s.b.d.a.OptionalLiveReloadServer - LiveReload server is running on port 35729
2025-12-05 14:35:07 INFO  o.a.coyote.http11.Http11NioProtocol - Starting ProtocolHandler ["http-nio-8083"]
2025-12-05 14:35:07 INFO  o.s.b.w.e.tomcat.TomcatWebServer - Tomcat started on port 8083 (http) with context path '/'
2025-12-05 14:35:07 INFO  o.a.k.c.consumer.ConsumerConfig - ConsumerConfig values: 
	allow.auto.create.topics = true
	auto.commit.interval.ms = 5000
	auto.include.jmx.reporter = true
	auto.offset.reset = latest
	bootstrap.servers = [kafka:9092]
	check.crcs = true
	client.dns.lookup = use_all_dns_ips
	client.id = consumer-normalizer-group-5
	client.rack = 
	connections.max.idle.ms = 540000
	default.api.timeout.ms = 60000
	enable.auto.commit = false
	enable.metrics.push = true
	exclude.internal.topics = true
	fetch.max.bytes = 52428800
	fetch.max.wait.ms = 500
	fetch.min.bytes = 1
	group.id = normalizer-group
	group.instance.id = null
	group.protocol = classic
	group.remote.assignor = null
	heartbeat.interval.ms = 3000
	interceptor.classes = []
	internal.leave.group.on.close = true
	internal.throw.on.fetch.stable.offset.unsupported = false
	isolation.level = read_uncommitted
	key.deserializer = class org.apache.kafka.common.serialization.StringDeserializer
	max.partition.fetch.bytes = 1048576
	max.poll.interval.ms = 300000
	max.poll.records = 500
	metadata.max.age.ms = 300000
	metadata.recovery.strategy = none
	metric.reporters = []
	metrics.num.samples = 2
	metrics.recording.level = INFO
	metrics.sample.window.ms = 30000
	partition.assignment.strategy = [class org.apache.kafka.clients.consumer.RangeAssignor, class org.apache.kafka.clients.consumer.CooperativeStickyAssignor]
	receive.buffer.bytes = 65536
	reconnect.backoff.max.ms = 1000
	reconnect.backoff.ms = 50
	request.timeout.ms = 30000
	retry.backoff.max.ms = 1000
	retry.backoff.ms = 100
	sasl.client.callback.handler.class = null
	sasl.jaas.config = null
	sasl.kerberos.kinit.cmd = /usr/bin/kinit
	sasl.kerberos.min.time.before.relogin = 60000
	sasl.kerberos.service.name = null
	sasl.kerberos.ticket.renew.jitter = 0.05
	sasl.kerberos.ticket.renew.window.factor = 0.8
	sasl.login.callback.handler.class = null
	sasl.login.class = null
	sasl.login.connect.timeout.ms = null
	sasl.login.read.timeout.ms = null
	sasl.login.refresh.buffer.seconds = 300
	sasl.login.refresh.min.period.seconds = 60
	sasl.login.refresh.window.factor = 0.8
	sasl.login.refresh.window.jitter = 0.05
	sasl.login.retry.backoff.max.ms = 10000
	sasl.login.retry.backoff.ms = 100
	sasl.mechanism = GSSAPI
	sasl.oauthbearer.clock.skew.seconds = 30
	sasl.oauthbearer.expected.audience = null
	sasl.oauthbearer.expected.issuer = null
	sasl.oauthbearer.header.urlencode = false
	sasl.oauthbearer.jwks.endpoint.refresh.ms = 3600000
	sasl.oauthbearer.jwks.endpoint.retry.backoff.max.ms = 10000
	sasl.oauthbearer.jwks.endpoint.retry.backoff.ms = 100
	sasl.oauthbearer.jwks.endpoint.url = null
	sasl.oauthbearer.scope.claim.name = scope
	sasl.oauthbearer.sub.claim.name = sub
	sasl.oauthbearer.token.endpoint.url = null
	security.protocol = PLAINTEXT
	security.providers = null
	send.buffer.bytes = 131072
	session.timeout.ms = 45000
	socket.connection.setup.timeout.max.ms = 30000
	socket.connection.setup.timeout.ms = 10000
	ssl.cipher.suites = null
	ssl.enabled.protocols = [TLSv1.2, TLSv1.3]
	ssl.endpoint.identification.algorithm = https
	ssl.engine.factory.class = null
	ssl.key.password = null
	ssl.keymanager.algorithm = SunX509
	ssl.keystore.certificate.chain = null
	ssl.keystore.key = null
	ssl.keystore.location = null
	ssl.keystore.password = null
	ssl.keystore.type = JKS
	ssl.protocol = TLSv1.3
	ssl.provider = null
	ssl.secure.random.implementation = null
	ssl.trustmanager.algorithm = PKIX
	ssl.truststore.certificates = null
	ssl.truststore.location = null
	ssl.truststore.password = null
	ssl.truststore.type = JKS
	value.deserializer = class org.springframework.kafka.support.serializer.JsonDeserializer

2025-12-05 14:35:07 INFO  o.a.k.c.t.i.KafkaMetricsCollector - initializing Kafka metrics collector
2025-12-05 14:35:08 INFO  o.a.kafka.common.utils.AppInfoParser - Kafka version: 3.9.1
2025-12-05 14:35:08 INFO  o.a.kafka.common.utils.AppInfoParser - Kafka commitId: f745dfdcee2b9851
2025-12-05 14:35:08 INFO  o.a.kafka.common.utils.AppInfoParser - Kafka startTimeMs: 1764945308002
2025-12-05 14:35:08 INFO  o.a.k.c.c.i.ClassicKafkaConsumer - [Consumer clientId=consumer-normalizer-group-5, groupId=normalizer-group] Subscribed to topic(s): transactions
2025-12-05 14:35:08 INFO  o.a.k.c.consumer.ConsumerConfig - ConsumerConfig values: 
	allow.auto.create.topics = true
	auto.commit.interval.ms = 5000
	auto.include.jmx.reporter = true
	auto.offset.reset = latest
	bootstrap.servers = [kafka:9092]
	check.crcs = true
	client.dns.lookup = use_all_dns_ips
	client.id = consumer-normalizer-group-6
	client.rack = 
	connections.max.idle.ms = 540000
	default.api.timeout.ms = 60000
	enable.auto.commit = false
	enable.metrics.push = true
	exclude.internal.topics = true
	fetch.max.bytes = 52428800
	fetch.max.wait.ms = 500
	fetch.min.bytes = 1
	group.id = normalizer-group
	group.instance.id = null
	group.protocol = classic
	group.remote.assignor = null
	heartbeat.interval.ms = 3000
	interceptor.classes = []
	internal.leave.group.on.close = true
	internal.throw.on.fetch.stable.offset.unsupported = false
	isolation.level = read_uncommitted
	key.deserializer = class org.apache.kafka.common.serialization.StringDeserializer
	max.partition.fetch.bytes = 1048576
	max.poll.interval.ms = 300000
	max.poll.records = 500
	metadata.max.age.ms = 300000
	metadata.recovery.strategy = none
	metric.reporters = []
	metrics.num.samples = 2
	metrics.recording.level = INFO
	metrics.sample.window.ms = 30000
	partition.assignment.strategy = [class org.apache.kafka.clients.consumer.RangeAssignor, class org.apache.kafka.clients.consumer.CooperativeStickyAssignor]
	receive.buffer.bytes = 65536
	reconnect.backoff.max.ms = 1000
	reconnect.backoff.ms = 50
	request.timeout.ms = 30000
	retry.backoff.max.ms = 1000
	retry.backoff.ms = 100
	sasl.client.callback.handler.class = null
	sasl.jaas.config = null
	sasl.kerberos.kinit.cmd = /usr/bin/kinit
	sasl.kerberos.min.time.before.relogin = 60000
	sasl.kerberos.service.name = null
	sasl.kerberos.ticket.renew.jitter = 0.05
	sasl.kerberos.ticket.renew.window.factor = 0.8
	sasl.login.callback.handler.class = null
	sasl.login.class = null
	sasl.login.connect.timeout.ms = null
	sasl.login.read.timeout.ms = null
	sasl.login.refresh.buffer.seconds = 300
	sasl.login.refresh.min.period.seconds = 60
	sasl.login.refresh.window.factor = 0.8
	sasl.login.refresh.window.jitter = 0.05
	sasl.login.retry.backoff.max.ms = 10000
	sasl.login.retry.backoff.ms = 100
	sasl.mechanism = GSSAPI
	sasl.oauthbearer.clock.skew.seconds = 30
	sasl.oauthbearer.expected.audience = null
	sasl.oauthbearer.expected.issuer = null
	sasl.oauthbearer.header.urlencode = false
	sasl.oauthbearer.jwks.endpoint.refresh.ms = 3600000
	sasl.oauthbearer.jwks.endpoint.retry.backoff.max.ms = 10000
	sasl.oauthbearer.jwks.endpoint.retry.backoff.ms = 100
	sasl.oauthbearer.jwks.endpoint.url = null
	sasl.oauthbearer.scope.claim.name = scope
	sasl.oauthbearer.sub.claim.name = sub
	sasl.oauthbearer.token.endpoint.url = null
	security.protocol = PLAINTEXT
	security.providers = null
	send.buffer.bytes = 131072
	session.timeout.ms = 45000
	socket.connection.setup.timeout.max.ms = 30000
	socket.connection.setup.timeout.ms = 10000
	ssl.cipher.suites = null
	ssl.enabled.protocols = [TLSv1.2, TLSv1.3]
	ssl.endpoint.identification.algorithm = https
	ssl.engine.factory.class = null
	ssl.key.password = null
	ssl.keymanager.algorithm = SunX509
	ssl.keystore.certificate.chain = null
	ssl.keystore.key = null
	ssl.keystore.location = null
	ssl.keystore.password = null
	ssl.keystore.type = JKS
	ssl.protocol = TLSv1.3
	ssl.provider = null
	ssl.secure.random.implementation = null
	ssl.trustmanager.algorithm = PKIX
	ssl.truststore.certificates = null
	ssl.truststore.location = null
	ssl.truststore.password = null
	ssl.truststore.type = JKS
	value.deserializer = class org.springframework.kafka.support.serializer.JsonDeserializer

2025-12-05 14:35:08 INFO  o.a.k.c.t.i.KafkaMetricsCollector - initializing Kafka metrics collector
2025-12-05 14:35:08 INFO  o.a.kafka.common.utils.AppInfoParser - Kafka version: 3.9.1
2025-12-05 14:35:08 INFO  o.a.kafka.common.utils.AppInfoParser - Kafka commitId: f745dfdcee2b9851
2025-12-05 14:35:08 INFO  o.a.kafka.common.utils.AppInfoParser - Kafka startTimeMs: 1764945308123
2025-12-05 14:35:08 INFO  o.a.k.c.c.i.ClassicKafkaConsumer - [Consumer clientId=consumer-normalizer-group-6, groupId=normalizer-group] Subscribed to topic(s): raw-transactions
2025-12-05 14:35:08 INFO  c.P.U.n.NormalizerServiceApplication - Started NormalizerServiceApplication in 32.169 seconds (process running for 1275.135)
2025-12-05 14:35:08 INFO  o.s.b.d.a.ConditionEvaluationDeltaLoggingListener - Condition evaluation unchanged
2025-12-05 14:35:08 INFO  org.apache.kafka.clients.Metadata - [Consumer clientId=consumer-normalizer-group-6, groupId=normalizer-group] Cluster ID: w3TIzYtNT-qnAsjURzk2gQ
2025-12-05 14:35:08 INFO  org.apache.kafka.clients.Metadata - [Consumer clientId=consumer-normalizer-group-5, groupId=normalizer-group] Cluster ID: w3TIzYtNT-qnAsjURzk2gQ
2025-12-05 14:35:08 INFO  o.a.k.c.c.i.ConsumerCoordinator - [Consumer clientId=consumer-normalizer-group-5, groupId=normalizer-group] Discovered group coordinator kafka:9092 (id: 2147483646 rack: null)
2025-12-05 14:35:08 INFO  o.a.k.c.c.i.ConsumerCoordinator - [Consumer clientId=consumer-normalizer-group-6, groupId=normalizer-group] Discovered group coordinator kafka:9092 (id: 2147483646 rack: null)
2025-12-05 14:35:08 INFO  o.a.k.c.c.i.ConsumerCoordinator - [Consumer clientId=consumer-normalizer-group-5, groupId=normalizer-group] (Re-)joining group
2025-12-05 14:35:08 INFO  o.a.k.c.c.i.ConsumerCoordinator - [Consumer clientId=consumer-normalizer-group-6, groupId=normalizer-group] (Re-)joining group
2025-12-05 14:35:08 INFO  o.a.k.c.c.i.ConsumerCoordinator - [Consumer clientId=consumer-normalizer-group-5, groupId=normalizer-group] Request joining group due to: need to re-join with the given member-id: consumer-normalizer-group-5-204fef48-13bf-4481-9502-6de59d87dbed
2025-12-05 14:35:08 INFO  o.a.k.c.c.i.ConsumerCoordinator - [Consumer clientId=consumer-normalizer-group-5, groupId=normalizer-group] (Re-)joining group
2025-12-05 14:35:08 INFO  o.a.k.c.c.i.ConsumerCoordinator - [Consumer clientId=consumer-normalizer-group-6, groupId=normalizer-group] Request joining group due to: need to re-join with the given member-id: consumer-normalizer-group-6-b613e187-6704-4d59-ba1c-0a426e5e5b4d
2025-12-05 14:35:08 INFO  o.a.k.c.c.i.ConsumerCoordinator - [Consumer clientId=consumer-normalizer-group-6, groupId=normalizer-group] (Re-)joining group
2025-12-05 14:35:11 INFO  o.a.k.c.c.i.ConsumerCoordinator - [Consumer clientId=consumer-normalizer-group-5, groupId=normalizer-group] Successfully joined group with generation Generation{generationId=11, memberId='consumer-normalizer-group-5-204fef48-13bf-4481-9502-6de59d87dbed', protocol='range'}
2025-12-05 14:35:11 INFO  o.a.k.c.c.i.ConsumerCoordinator - [Consumer clientId=consumer-normalizer-group-6, groupId=normalizer-group] Successfully joined group with generation Generation{generationId=11, memberId='consumer-normalizer-group-6-b613e187-6704-4d59-ba1c-0a426e5e5b4d', protocol='range'}
2025-12-05 14:35:11 INFO  o.a.k.c.c.i.ConsumerCoordinator - [Consumer clientId=consumer-normalizer-group-5, groupId=normalizer-group] Finished assignment for group at generation 11: {consumer-normalizer-group-5-204fef48-13bf-4481-9502-6de59d87dbed=Assignment(partitions=[transactions-0]), consumer-normalizer-group-6-b613e187-6704-4d59-ba1c-0a426e5e5b4d=Assignment(partitions=[raw-transactions-0])}
2025-12-05 14:35:11 INFO  o.a.k.c.c.i.ConsumerCoordinator - [Consumer clientId=consumer-normalizer-group-6, groupId=normalizer-group] Successfully synced group in generation Generation{generationId=11, memberId='consumer-normalizer-group-6-b613e187-6704-4d59-ba1c-0a426e5e5b4d', protocol='range'}
2025-12-05 14:35:11 INFO  o.a.k.c.c.i.ConsumerCoordinator - [Consumer clientId=consumer-normalizer-group-6, groupId=normalizer-group] Notifying assignor about the new Assignment(partitions=[raw-transactions-0])
2025-12-05 14:35:11 INFO  o.a.k.c.c.i.ConsumerCoordinator - [Consumer clientId=consumer-normalizer-group-5, groupId=normalizer-group] Successfully synced group in generation Generation{generationId=11, memberId='consumer-normalizer-group-5-204fef48-13bf-4481-9502-6de59d87dbed', protocol='range'}
2025-12-05 14:35:11 INFO  o.a.k.c.c.i.ConsumerRebalanceListenerInvoker - [Consumer clientId=consumer-normalizer-group-6, groupId=normalizer-group] Adding newly assigned partitions: raw-transactions-0
2025-12-05 14:35:11 INFO  o.a.k.c.c.i.ConsumerCoordinator - [Consumer clientId=consumer-normalizer-group-5, groupId=normalizer-group] Notifying assignor about the new Assignment(partitions=[transactions-0])
2025-12-05 14:35:11 INFO  o.a.k.c.c.i.ConsumerRebalanceListenerInvoker - [Consumer clientId=consumer-normalizer-group-5, groupId=normalizer-group] Adding newly assigned partitions: transactions-0
2025-12-05 14:35:11 INFO  o.a.k.c.c.internals.ConsumerUtils - Setting offset for partition transactions-0 to the committed offset FetchPosition{offset=0, offsetEpoch=Optional.empty, currentLeader=LeaderAndEpoch{leader=Optional[kafka:9092 (id: 1 rack: null)], epoch=0}}
2025-12-05 14:35:11 INFO  o.s.k.l.KafkaMessageListenerContainer - normalizer-group: partitions assigned: [transactions-0]
2025-12-05 14:35:11 INFO  o.a.k.c.c.internals.ConsumerUtils - Setting offset for partition raw-transactions-0 to the committed offset FetchPosition{offset=1, offsetEpoch=Optional.empty, currentLeader=LeaderAndEpoch{leader=Optional[kafka:9092 (id: 1 rack: null)], epoch=0}}
2025-12-05 14:35:11 INFO  o.s.k.l.KafkaMessageListenerContainer - normalizer-group: partitions assigned: [raw-transactions-0]
2025-12-05 14:37:24 INFO  o.s.b.d.a.LocalDevToolsAutoConfiguration$RestartingClassPathChangeChangedEventListener - Restarting due to 21 class path changes (0 additions, 2 deletions, 19 modifications)
2025-12-05 14:37:24 INFO  o.a.k.c.c.i.ConsumerRebalanceListenerInvoker - [Consumer clientId=consumer-normalizer-group-6, groupId=normalizer-group] Revoke previously assigned partitions raw-transactions-0
2025-12-05 14:37:24 INFO  o.a.k.c.c.i.ConsumerRebalanceListenerInvoker - [Consumer clientId=consumer-normalizer-group-5, groupId=normalizer-group] Revoke previously assigned partitions transactions-0
2025-12-05 14:37:24 INFO  o.s.k.l.KafkaMessageListenerContainer - normalizer-group: partitions revoked: [raw-transactions-0]
2025-12-05 14:37:24 INFO  o.s.k.l.KafkaMessageListenerContainer - normalizer-group: partitions revoked: [transactions-0]
2025-12-05 14:37:24 INFO  o.a.k.c.c.i.ConsumerCoordinator - [Consumer clientId=consumer-normalizer-group-6, groupId=normalizer-group] Member consumer-normalizer-group-6-b613e187-6704-4d59-ba1c-0a426e5e5b4d sending LeaveGroup request to coordinator kafka:9092 (id: 2147483646 rack: null) due to the consumer unsubscribed from all topics
2025-12-05 14:37:24 INFO  o.a.k.c.c.i.ConsumerCoordinator - [Consumer clientId=consumer-normalizer-group-5, groupId=normalizer-group] Member consumer-normalizer-group-5-204fef48-13bf-4481-9502-6de59d87dbed sending LeaveGroup request to coordinator kafka:9092 (id: 2147483646 rack: null) due to the consumer unsubscribed from all topics
2025-12-05 14:37:24 INFO  o.a.k.c.c.i.ConsumerCoordinator - [Consumer clientId=consumer-normalizer-group-6, groupId=normalizer-group] Resetting generation and member id due to: consumer pro-actively leaving the group
2025-12-05 14:37:24 INFO  o.a.k.c.c.i.ConsumerCoordinator - [Consumer clientId=consumer-normalizer-group-5, groupId=normalizer-group] Resetting generation and member id due to: consumer pro-actively leaving the group
2025-12-05 14:37:24 INFO  o.a.k.c.c.i.ConsumerCoordinator - [Consumer clientId=consumer-normalizer-group-6, groupId=normalizer-group] Request joining group due to: consumer pro-actively leaving the group
2025-12-05 14:37:24 INFO  o.a.k.c.c.i.ConsumerCoordinator - [Consumer clientId=consumer-normalizer-group-5, groupId=normalizer-group] Request joining group due to: consumer pro-actively leaving the group
2025-12-05 14:37:24 INFO  o.a.k.c.c.i.ClassicKafkaConsumer - [Consumer clientId=consumer-normalizer-group-5, groupId=normalizer-group] Unsubscribed all topics or patterns and assigned partitions
2025-12-05 14:37:24 INFO  o.a.k.c.c.i.ClassicKafkaConsumer - [Consumer clientId=consumer-normalizer-group-6, groupId=normalizer-group] Unsubscribed all topics or patterns and assigned partitions
2025-12-05 14:37:24 INFO  o.a.k.c.c.i.ConsumerCoordinator - [Consumer clientId=consumer-normalizer-group-5, groupId=normalizer-group] Resetting generation and member id due to: consumer pro-actively leaving the group
2025-12-05 14:37:24 INFO  o.a.k.c.c.i.ConsumerCoordinator - [Consumer clientId=consumer-normalizer-group-6, groupId=normalizer-group] Resetting generation and member id due to: consumer pro-actively leaving the group
2025-12-05 14:37:24 INFO  o.a.k.c.c.i.ConsumerCoordinator - [Consumer clientId=consumer-normalizer-group-5, groupId=normalizer-group] Request joining group due to: consumer pro-actively leaving the group
2025-12-05 14:37:24 INFO  o.a.k.c.c.i.ConsumerCoordinator - [Consumer clientId=consumer-normalizer-group-6, groupId=normalizer-group] Request joining group due to: consumer pro-actively leaving the group
2025-12-05 14:37:25 INFO  o.a.kafka.common.metrics.Metrics - Metrics scheduler closed
2025-12-05 14:37:25 INFO  o.a.kafka.common.metrics.Metrics - Metrics scheduler closed
2025-12-05 14:37:25 INFO  o.a.kafka.common.metrics.Metrics - Closing reporter org.apache.kafka.common.metrics.JmxReporter
2025-12-05 14:37:25 INFO  o.a.kafka.common.metrics.Metrics - Closing reporter org.apache.kafka.common.metrics.JmxReporter
2025-12-05 14:37:25 INFO  o.a.kafka.common.metrics.Metrics - Closing reporter org.apache.kafka.common.telemetry.internals.ClientTelemetryReporter
2025-12-05 14:37:25 INFO  o.a.kafka.common.metrics.Metrics - Metrics reporters closed
2025-12-05 14:37:25 INFO  o.a.kafka.common.metrics.Metrics - Closing reporter org.apache.kafka.common.telemetry.internals.ClientTelemetryReporter
2025-12-05 14:37:25 INFO  o.a.kafka.common.metrics.Metrics - Metrics reporters closed
2025-12-05 14:37:25 INFO  o.a.kafka.common.utils.AppInfoParser - App info kafka.consumer for consumer-normalizer-group-6 unregistered
2025-12-05 14:37:25 INFO  o.s.k.l.KafkaMessageListenerContainer - normalizer-group: Consumer stopped
2025-12-05 14:37:25 INFO  o.a.kafka.common.utils.AppInfoParser - App info kafka.consumer for consumer-normalizer-group-5 unregistered
2025-12-05 14:37:25 INFO  o.s.k.l.KafkaMessageListenerContainer - normalizer-group: Consumer stopped
2025-12-05 14:37:25 INFO  o.s.b.w.e.tomcat.GracefulShutdown - Commencing graceful shutdown. Waiting for active requests to complete
2025-12-05 14:37:25 INFO  o.a.coyote.http11.Http11NioProtocol - Pausing ProtocolHandler ["http-nio-8083"]
2025-12-05 14:37:25 INFO  o.s.b.w.e.tomcat.GracefulShutdown - Graceful shutdown complete
2025-12-05 14:37:25 INFO  o.a.coyote.http11.Http11NioProtocol - Stopping ProtocolHandler ["http-nio-8083"]
2025-12-05 14:37:26 INFO  o.s.o.j.LocalContainerEntityManagerFactoryBean - Closing JPA EntityManagerFactory for persistence unit 'default'
2025-12-05 14:37:26 INFO  com.zaxxer.hikari.HikariDataSource - HikariPool-3 - Shutdown initiated...
2025-12-05 14:37:26 INFO  com.zaxxer.hikari.HikariDataSource - HikariPool-3 - Shutdown completed.
